Archive member included to satisfy reference by file (symbol)

/opt/arm-gnu-toolchain-15.2.rel1-x86_64-arm-none-eabi/bin/../lib/gcc/arm-none-eabi/15.2.1/../../../../arm-none-eabi/lib/thumb/v7e-m+fp/hard/libc_nano.a(libc_a-exit.o)
                              /opt/arm-gnu-toolchain-15.2.rel1-x86_64-arm-none-eabi/bin/../lib/gcc/arm-none-eabi/15.2.1/../../../../arm-none-eabi/lib/thumb/v7e-m+fp/hard/crt0.o (exit)
/opt/arm-gnu-toolchain-15.2.rel1-x86_64-arm-none-eabi/bin/../lib/gcc/arm-none-eabi/15.2.1/../../../../arm-none-eabi/lib/thumb/v7e-m+fp/hard/libc_nano.a(libc_a-findfp.o)
                              /opt/arm-gnu-toolchain-15.2.rel1-x86_64-arm-none-eabi/bin/../lib/gcc/arm-none-eabi/15.2.1/../../../../arm-none-eabi/lib/thumb/v7e-m+fp/hard/libc_nano.a(libc_a-exit.o) (__stdio_exit_handler)
/opt/arm-gnu-toolchain-15.2.rel1-x86_64-arm-none-eabi/bin/../lib/gcc/arm-none-eabi/15.2.1/../../../../arm-none-eabi/lib/thumb/v7e-m+fp/hard/libc_nano.a(libc_a-fwalk.o)
                              /opt/arm-gnu-toolchain-15.2.rel1-x86_64-arm-none-eabi/bin/../lib/gcc/arm-none-eabi/15.2.1/../../../../arm-none-eabi/lib/thumb/v7e-m+fp/hard/libc_nano.a(libc_a-findfp.o) (_fwalk_sglue)
/opt/arm-gnu-toolchain-15.2.rel1-x86_64-arm-none-eabi/bin/../lib/gcc/arm-none-eabi/15.2.1/../../../../arm-none-eabi/lib/thumb/v7e-m+fp/hard/libc_nano.a(libc_a-snprintf.o)
                              build/main.o (snprintf)
/opt/arm-gnu-toolchain-15.2.rel1-x86_64-arm-none-eabi/bin/../lib/gcc/arm-none-eabi/15.2.1/../../../../arm-none-eabi/lib/thumb/v7e-m+fp/hard/libc_nano.a(libc_a-stdio.o)
                              /opt/arm-gnu-toolchain-15.2.rel1-x86_64-arm-none-eabi/bin/../lib/gcc/arm-none-eabi/15.2.1/../../../../arm-none-eabi/lib/thumb/v7e-m+fp/hard/libc_nano.a(libc_a-findfp.o) (__sread)
/opt/arm-gnu-toolchain-15.2.rel1-x86_64-arm-none-eabi/bin/../lib/gcc/arm-none-eabi/15.2.1/../../../../arm-none-eabi/lib/thumb/v7e-m+fp/hard/libc_nano.a(libc_a-memset.o)
                              /opt/arm-gnu-toolchain-15.2.rel1-x86_64-arm-none-eabi/bin/../lib/gcc/arm-none-eabi/15.2.1/../../../../arm-none-eabi/lib/thumb/v7e-m+fp/hard/crt0.o (memset)
/opt/arm-gnu-toolchain-15.2.rel1-x86_64-arm-none-eabi/bin/../lib/gcc/arm-none-eabi/15.2.1/../../../../arm-none-eabi/lib/thumb/v7e-m+fp/hard/libc_nano.a(libc_a-closer.o)
                              /opt/arm-gnu-toolchain-15.2.rel1-x86_64-arm-none-eabi/bin/../lib/gcc/arm-none-eabi/15.2.1/../../../../arm-none-eabi/lib/thumb/v7e-m+fp/hard/libc_nano.a(libc_a-stdio.o) (_close_r)
/opt/arm-gnu-toolchain-15.2.rel1-x86_64-arm-none-eabi/bin/../lib/gcc/arm-none-eabi/15.2.1/../../../../arm-none-eabi/lib/thumb/v7e-m+fp/hard/libc_nano.a(libc_a-reent.o)
                              /opt/arm-gnu-toolchain-15.2.rel1-x86_64-arm-none-eabi/bin/../lib/gcc/arm-none-eabi/15.2.1/../../../../arm-none-eabi/lib/thumb/v7e-m+fp/hard/libc_nano.a(libc_a-closer.o) (errno)
/opt/arm-gnu-toolchain-15.2.rel1-x86_64-arm-none-eabi/bin/../lib/gcc/arm-none-eabi/15.2.1/../../../../arm-none-eabi/lib/thumb/v7e-m+fp/hard/libc_nano.a(libc_a-impure.o)
                              /opt/arm-gnu-toolchain-15.2.rel1-x86_64-arm-none-eabi/bin/../lib/gcc/arm-none-eabi/15.2.1/../../../../arm-none-eabi/lib/thumb/v7e-m+fp/hard/libc_nano.a(libc_a-snprintf.o) (_impure_ptr)
/opt/arm-gnu-toolchain-15.2.rel1-x86_64-arm-none-eabi/bin/../lib/gcc/arm-none-eabi/15.2.1/../../../../arm-none-eabi/lib/thumb/v7e-m+fp/hard/libc_nano.a(libc_a-lseekr.o)
                              /opt/arm-gnu-toolchain-15.2.rel1-x86_64-arm-none-eabi/bin/../lib/gcc/arm-none-eabi/15.2.1/../../../../arm-none-eabi/lib/thumb/v7e-m+fp/hard/libc_nano.a(libc_a-stdio.o) (_lseek_r)
/opt/arm-gnu-toolchain-15.2.rel1-x86_64-arm-none-eabi/bin/../lib/gcc/arm-none-eabi/15.2.1/../../../../arm-none-eabi/lib/thumb/v7e-m+fp/hard/libc_nano.a(libc_a-readr.o)
                              /opt/arm-gnu-toolchain-15.2.rel1-x86_64-arm-none-eabi/bin/../lib/gcc/arm-none-eabi/15.2.1/../../../../arm-none-eabi/lib/thumb/v7e-m+fp/hard/libc_nano.a(libc_a-stdio.o) (_read_r)
/opt/arm-gnu-toolchain-15.2.rel1-x86_64-arm-none-eabi/bin/../lib/gcc/arm-none-eabi/15.2.1/../../../../arm-none-eabi/lib/thumb/v7e-m+fp/hard/libc_nano.a(libc_a-writer.o)
                              /opt/arm-gnu-toolchain-15.2.rel1-x86_64-arm-none-eabi/bin/../lib/gcc/arm-none-eabi/15.2.1/../../../../arm-none-eabi/lib/thumb/v7e-m+fp/hard/libc_nano.a(libc_a-stdio.o) (_write_r)
/opt/arm-gnu-toolchain-15.2.rel1-x86_64-arm-none-eabi/bin/../lib/gcc/arm-none-eabi/15.2.1/../../../../arm-none-eabi/lib/thumb/v7e-m+fp/hard/libc_nano.a(libc_a-errno.o)
                              build/sysmem.o (__errno)
/opt/arm-gnu-toolchain-15.2.rel1-x86_64-arm-none-eabi/bin/../lib/gcc/arm-none-eabi/15.2.1/../../../../arm-none-eabi/lib/thumb/v7e-m+fp/hard/libc_nano.a(libc_a-init.o)
                              /opt/arm-gnu-toolchain-15.2.rel1-x86_64-arm-none-eabi/bin/../lib/gcc/arm-none-eabi/15.2.1/../../../../arm-none-eabi/lib/thumb/v7e-m+fp/hard/crt0.o (__libc_init_array)
[...]
Memory Configuration

Name             Origin             Length             Attributes
RAM              0x20000000         0x00020000         xrw
CCMRAM           0x10000000         0x00010000         xrw
FLASH            0x08000000         0x00100000         xr
*default*        0x00000000         0xffffffff

Linker script and memory map

LOAD /opt/arm-gnu-toolchain-15.2.rel1-x86_64-arm-none-eabi/bin/../lib/gcc/arm-none-eabi/15.2.1/thumb/v7e-m+fp/hard/crti.o
LOAD /opt/arm-gnu-toolchain-15.2.rel1-x86_64-arm-none-eabi/bin/../lib/gcc/arm-none-eabi/15.2.1/thumb/v7e-m+fp/hard/crtbegin.o
LOAD /opt/arm-gnu-toolchain-15.2.rel1-x86_64-arm-none-eabi/bin/../lib/gcc/arm-none-eabi/15.2.1/../../../../arm-none-eabi/lib/thumb/v7e-m+fp/hard/crt0.o
LOAD build/main.o
LOAD build/stm32f4xx_it.o
LOAD build/stm32f4xx_hal_msp.o
LOAD build/stm32f4xx_hal_adc.o
LOAD build/stm32f4xx_hal_adc_ex.o
LOAD build/stm32f4xx_hal_rcc.o
LOAD build/stm32f4xx_hal_rcc_ex.o
LOAD build/stm32f4xx_hal_flash.o
LOAD build/stm32f4xx_hal_flash_ex.o
LOAD build/stm32f4xx_hal_flash_ramfunc.o
LOAD build/stm32f4xx_hal_gpio.o
LOAD build/stm32f4xx_hal_dma_ex.o
LOAD build/stm32f4xx_hal_dma.o
LOAD build/stm32f4xx_hal_pwr.o
LOAD build/stm32f4xx_hal_pwr_ex.o
LOAD build/stm32f4xx_hal_cortex.o
LOAD build/stm32f4xx_hal.o
LOAD build/stm32f4xx_hal_exti.o
LOAD build/stm32f4xx_hal_tim.o
LOAD build/stm32f4xx_hal_tim_ex.o
LOAD build/stm32f4xx_hal_uart.o
LOAD build/system_stm32f4xx.o
LOAD build/sysmem.o
LOAD build/syscalls.o
LOAD build/gpio.o
LOAD build/adc.o
LOAD build/dma.o
LOAD build/tim.o
LOAD build/usart.o
LOAD build/startup_stm32f405xx.o
LOAD /opt/arm-gnu-toolchain-15.2.rel1-x86_64-arm-none-eabi/bin/../lib/gcc/arm-none-eabi/15.2.1/../../../../arm-none-eabi/lib/thumb/v7e-m+fp/hard/libc_nano.a
LOAD /opt/arm-gnu-toolchain-15.2.rel1-x86_64-arm-none-eabi/bin/../lib/gcc/arm-none-eabi/15.2.1/../../../../arm-none-eabi/lib/thumb/v7e-m+fp/hard/libm.a
LOAD /opt/arm-gnu-toolchain-15.2.rel1-x86_64-arm-none-eabi/bin/../lib/gcc/arm-none-eabi/15.2.1/../../../../arm-none-eabi/lib/thumb/v7e-m+fp/hard/libnosys.a
START GROUP
LOAD /opt/arm-gnu-toolchain-15.2.rel1-x86_64-arm-none-eabi/bin/../lib/gcc/arm-none-eabi/15.2.1/thumb/v7e-m+fp/hard/libgcc.a
LOAD /opt/arm-gnu-toolchain-15.2.rel1-x86_64-arm-none-eabi/bin/../lib/gcc/arm-none-eabi/15.2.1/../../../../arm-none-eabi/lib/thumb/v7e-m+fp/hard/libc_nano.a
END GROUP
START GROUP
LOAD /opt/arm-gnu-toolchain-15.2.rel1-x86_64-arm-none-eabi/bin/../lib/gcc/arm-none-eabi/15.2.1/thumb/v7e-m+fp/hard/libgcc.a
LOAD /opt/arm-gnu-toolchain-15.2.rel1-x86_64-arm-none-eabi/bin/../lib/gcc/arm-none-eabi/15.2.1/../../../../arm-none-eabi/lib/thumb/v7e-m+fp/hard/libc_nano.a
END GROUP
LOAD /opt/arm-gnu-toolchain-15.2.rel1-x86_64-arm-none-eabi/bin/../lib/gcc/arm-none-eabi/15.2.1/thumb/v7e-m+fp/hard/crtend.o
LOAD /opt/arm-gnu-toolchain-15.2.rel1-x86_64-arm-none-eabi/bin/../lib/gcc/arm-none-eabi/15.2.1/thumb/v7e-m+fp/hard/crtn.o
                0x20020000                        _estack = (ORIGIN (RAM) + LENGTH (RAM))
                0x2001fc00                        _sstack = (_estack - _Min_Stack_Size)
                0x00000200                        _Min_Heap_Size = 0x200
                0x00000400                        _Min_Stack_Size = 0x400

.isr_vector     0x08000000      0x188
                0x08000000                        . = ALIGN (0x4)
 *(.isr_vector)
 .isr_vector    0x08000000      0x188 build/startup_stm32f405xx.o
                0x08000000                g_pfnVectors
                0x08000188                        . = ALIGN (0x4)

.text           0x08000190     0x30cc
                0x08000190                        . = ALIGN (0x4)
 *(.text)
 .text          0x08000190       0xa0 /opt/arm-gnu-toolchain-15.2.rel1-x86_64-arm-none-eabi/bin/../lib/gcc/arm-none-eabi/15.2.1/../../../../arm-none-eabi/lib/thumb/v7e-m+fp/hard/libc_nano.a(libc_a-memchr.o)
                0x08000190                memchr
 .text          0x08000230       0x30 /opt/arm-gnu-toolchain-15.2.rel1-x86_64-arm-none-eabi/bin/../lib/gcc/arm-none-eabi/15.2.1/thumb/v7e-m+fp/hard/libgcc.a(_aeabi_uldivmod.o)
                0x08000230                __aeabi_uldivmod
 .text          0x08000260        0x4 /opt/arm-gnu-toolchain-15.2.rel1-x86_64-arm-none-eabi/bin/../lib/gcc/arm-none-eabi/15.2.1/thumb/v7e-m+fp/hard/libgcc.a(_dvmd_tls.o)
                0x08000260                __aeabi_ldiv0
                0x08000260                __aeabi_idiv0
 *(.text*)
 .text.deregister_tm_clones
                0x08000264       0x1c /opt/arm-gnu-toolchain-15.2.rel1-x86_64-arm-none-eabi/bin/../lib/gcc/arm-none-eabi/15.2.1/thumb/v7e-m+fp/hard/crtbegin.o
 .text.register_tm_clones
                0x08000280       0x24 /opt/arm-gnu-toolchain-15.2.rel1-x86_64-arm-none-eabi/bin/../lib/gcc/arm-none-eabi/15.2.1/thumb/v7e-m+fp/hard/crtbegin.o
 .text.__do_global_dtors_aux
                0x080002a4       0x28 /opt/arm-gnu-toolchain-15.2.rel1-x86_64-arm-none-eabi/bin/../lib/gcc/arm-none-eabi/15.2.1/thumb/v7e-m+fp/hard/crtbegin.o
 .text.frame_dummy
                0x080002cc       0x24 /opt/arm-gnu-toolchain-15.2.rel1-x86_64-arm-none-eabi/bin/../lib/gcc/arm-none-eabi/15.2.1/thumb/v7e-m+fp/hard/crtbegin.o
 .text.Error_Handler
                0x080002f0        0x4 build/main.o
                0x080002f0                Error_Handler
 .text.SystemClock_Config
                0x080002f4       0xa8 build/main.o
                0x080002f4                SystemClock_Config
 .text.main     0x0800039c       0x98 build/main.o
                0x0800039c                main
 .text.NMI_Handler
                0x08000434        0x2 build/stm32f4xx_it.o
                0x08000434                NMI_Handler
 .text.HardFault_Handler
                0x08000436        0x2 build/stm32f4xx_it.o
                0x08000436                HardFault_Handler
 .text.MemManage_Handler
                0x08000438        0x2 build/stm32f4xx_it.o
                0x08000438                MemManage_Handler
 .text.BusFault_Handler
                0x0800043a        0x2 build/stm32f4xx_it.o
                0x0800043a                BusFault_Handler
 .text.UsageFault_Handler
                0x0800043c        0x2 build/stm32f4xx_it.o
                0x0800043c                UsageFault_Handler
 .text.SVC_Handler
                0x0800043e        0x2 build/stm32f4xx_it.o
                0x0800043e                SVC_Handler
 .text.DebugMon_Handler
                0x08000440        0x2 build/stm32f4xx_it.o
                0x08000440                DebugMon_Handler
 .text.PendSV_Handler
                0x08000442        0x2 build/stm32f4xx_it.o
                0x08000442                PendSV_Handler
 .text.SysTick_Handler
                0x08000444        0x8 build/stm32f4xx_it.o
                0x08000444                SysTick_Handler
 .text.DMA2_Stream0_IRQHandler
                0x0800044c       0x10 build/stm32f4xx_it.o
                0x0800044c                DMA2_Stream0_IRQHandler
 .text.HAL_MspInit
                0x0800045c       0x38 build/stm32f4xx_hal_msp.o
                0x0800045c                HAL_MspInit
 .text.ADC_Init
                0x08000494      0x134 build/stm32f4xx_hal_adc.o
 .text.HAL_ADC_Init
                0x080005c8       0x56 build/stm32f4xx_hal_adc.o
                0x080005c8                HAL_ADC_Init
 *fill*         0x0800061e        0x2 
 .text.HAL_ADC_Start_DMA
                0x08000620      0x188 build/stm32f4xx_hal_adc.o
                0x08000620                HAL_ADC_Start_DMA
 .text.HAL_ADC_ConvCpltCallback
                0x080007a8        0x2 build/stm32f4xx_hal_adc.o
                0x080007a8                HAL_ADC_ConvCpltCallback
 .text.HAL_ADC_ConvHalfCpltCallback
                0x080007aa        0x2 build/stm32f4xx_hal_adc.o
                0x080007aa                HAL_ADC_ConvHalfCpltCallback
 .text.ADC_DMAHalfConvCplt
                0x080007ac        0xa build/stm32f4xx_hal_adc.o
 .text.HAL_ADC_ErrorCallback
                0x080007b6        0x2 build/stm32f4xx_hal_adc.o
                0x080007b6                HAL_ADC_ErrorCallback
 .text.ADC_DMAError
                0x080007b8       0x16 build/stm32f4xx_hal_adc.o
 .text.ADC_DMAConvCplt
                0x080007ce       0x72 build/stm32f4xx_hal_adc.o
 .text.HAL_ADC_ConfigChannel
                0x08000840      0x1d4 build/stm32f4xx_hal_adc.o
                0x08000840                HAL_ADC_ConfigChannel
 .text.HAL_RCC_OscConfig
                0x08000a14      0x3fc build/stm32f4xx_hal_rcc.o
                0x08000a14                HAL_RCC_OscConfig
 .text.HAL_RCC_GetSysClockFreq
                0x08000e10       0xdc build/stm32f4xx_hal_rcc.o
                0x08000e10                HAL_RCC_GetSysClockFreq
 .text.HAL_RCC_ClockConfig
                0x08000eec      0x160 build/stm32f4xx_hal_rcc.o
                0x08000eec                HAL_RCC_ClockConfig
 .text.HAL_RCC_GetHCLKFreq
                0x0800104c        0xc build/stm32f4xx_hal_rcc.o
                0x0800104c                HAL_RCC_GetHCLKFreq
 .text.HAL_RCC_GetPCLK1Freq
                0x08001058       0x20 build/stm32f4xx_hal_rcc.o
                0x08001058                HAL_RCC_GetPCLK1Freq
 .text.HAL_RCC_GetPCLK2Freq
                0x08001078       0x20 build/stm32f4xx_hal_rcc.o
                0x08001078                HAL_RCC_GetPCLK2Freq
 .text.HAL_GPIO_Init
                0x08001098      0x208 build/stm32f4xx_hal_gpio.o
                0x08001098                HAL_GPIO_Init
 .text.HAL_GPIO_WritePin
                0x080012a0        0xc build/stm32f4xx_hal_gpio.o
                0x080012a0                HAL_GPIO_WritePin
 .text.HAL_GPIO_TogglePin
                0x080012ac       0x12 build/stm32f4xx_hal_gpio.o
                0x080012ac                HAL_GPIO_TogglePin
 .text.DMA_SetConfig
                0x080012be       0x30 build/stm32f4xx_hal_dma.o
 *fill*         0x080012ee        0x2 
 .text.DMA_CalcBaseAndBitshift
                0x080012f0       0x38 build/stm32f4xx_hal_dma.o
 .text.DMA_CheckFifoParam
                0x08001328       0x9a build/stm32f4xx_hal_dma.o
 *fill*         0x080013c2        0x2 
 .text.HAL_DMA_Init
                0x080013c4       0xd0 build/stm32f4xx_hal_dma.o
                0x080013c4                HAL_DMA_Init
 .text.HAL_DMA_Start_IT
                0x08001494       0x6a build/stm32f4xx_hal_dma.o
                0x08001494                HAL_DMA_Start_IT
 *fill*         0x080014fe        0x2 
 .text.HAL_DMA_IRQHandler
                0x08001500      0x1dc build/stm32f4xx_hal_dma.o
                0x08001500                HAL_DMA_IRQHandler
 .text.__NVIC_EnableIRQ
                0x080016dc       0x1c build/stm32f4xx_hal_cortex.o
 .text.__NVIC_SetPriority
                0x080016f8       0x28 build/stm32f4xx_hal_cortex.o
 .text.NVIC_EncodePriority
                0x08001720       0x46 build/stm32f4xx_hal_cortex.o
 *fill*         0x08001766        0x2 
 .text.HAL_NVIC_SetPriorityGrouping
                0x08001768       0x24 build/stm32f4xx_hal_cortex.o
                0x08001768                HAL_NVIC_SetPriorityGrouping
 .text.HAL_NVIC_SetPriority
                0x0800178c       0x20 build/stm32f4xx_hal_cortex.o
                0x0800178c                HAL_NVIC_SetPriority
 .text.HAL_NVIC_EnableIRQ
                0x080017ac        0x8 build/stm32f4xx_hal_cortex.o
                0x080017ac                HAL_NVIC_EnableIRQ
 .text.HAL_SYSTICK_Config
                0x080017b4       0x28 build/stm32f4xx_hal_cortex.o
                0x080017b4                HAL_SYSTICK_Config
 .text.HAL_InitTick
                0x080017dc       0x4c build/stm32f4xx_hal.o
                0x080017dc                HAL_InitTick
 .text.HAL_Init
                0x08001828       0x34 build/stm32f4xx_hal.o
                0x08001828                HAL_Init
 .text.HAL_IncTick
                0x0800185c       0x18 build/stm32f4xx_hal.o
                0x0800185c                HAL_IncTick
 .text.HAL_GetTick
                0x08001874        0xc build/stm32f4xx_hal.o
                0x08001874                HAL_GetTick
 .text.HAL_Delay
                0x08001880       0x28 build/stm32f4xx_hal.o
                0x08001880                HAL_Delay
 .text.TIM_OC1_SetConfig
                0x080018a8       0x74 build/stm32f4xx_hal_tim.o
 .text.TIM_OC3_SetConfig
                0x0800191c       0x78 build/stm32f4xx_hal_tim.o
 .text.TIM_OC4_SetConfig
                0x08001994       0x54 build/stm32f4xx_hal_tim.o
 .text.TIM_Base_SetConfig
                0x080019e8       0xd0 build/stm32f4xx_hal_tim.o
                0x080019e8                TIM_Base_SetConfig
 .text.HAL_TIM_PWM_Init
                0x08001ab8       0x58 build/stm32f4xx_hal_tim.o
                0x08001ab8                HAL_TIM_PWM_Init
 .text.TIM_OC2_SetConfig
                0x08001b10       0x78 build/stm32f4xx_hal_tim.o
                0x08001b10                TIM_OC2_SetConfig
 .text.HAL_TIM_PWM_ConfigChannel
                0x08001b88       0xe2 build/stm32f4xx_hal_tim.o
                0x08001b88                HAL_TIM_PWM_ConfigChannel
 .text.TIM_CCxChannelCmd
                0x08001c6a       0x1e build/stm32f4xx_hal_tim.o
                0x08001c6a                TIM_CCxChannelCmd
 .text.HAL_TIM_PWM_Start
                0x08001c88       0xfc build/stm32f4xx_hal_tim.o
                0x08001c88                HAL_TIM_PWM_Start
 .text.HAL_TIMEx_MasterConfigSynchronization
                0x08001d84       0x8c build/stm32f4xx_hal_tim_ex.o
                0x08001d84                HAL_TIMEx_MasterConfigSynchronization
 .text.UART_EndRxTransfer
                0x08001e10       0x5c build/stm32f4xx_hal_uart.o
 .text.UART_SetConfig
                0x08001e6c      0x110 build/stm32f4xx_hal_uart.o
 .text.UART_WaitOnFlagUntilTimeout
                0x08001f7c       0x84 build/stm32f4xx_hal_uart.o
 .text.HAL_UART_Init
                0x08002000       0x60 build/stm32f4xx_hal_uart.o
                0x08002000                HAL_UART_Init
 .text.HAL_UART_Transmit
                0x08002060       0xcc build/stm32f4xx_hal_uart.o
                0x08002060                HAL_UART_Transmit
 .text.SystemInit
                0x0800212c       0x14 build/system_stm32f4xx.o
                0x0800212c                SystemInit
 .text._sbrk    0x08002140       0x4c build/sysmem.o
                0x08002140                _sbrk
 .text.MX_GPIO_Init
                0x0800218c       0x7c build/gpio.o
                0x0800218c                MX_GPIO_Init
 .text.MX_ADC1_Init
                0x08002208       0xc0 build/adc.o
                0x08002208                MX_ADC1_Init
 .text.HAL_ADC_MspInit
                0x080022c8       0xac build/adc.o
                0x080022c8                HAL_ADC_MspInit
 .text.MX_DMA_Init
                0x08002374       0x34 build/dma.o
                0x08002374                MX_DMA_Init
 .text.HAL_TIM_PWM_MspInit
                0x080023a8       0x30 build/tim.o
                0x080023a8                HAL_TIM_PWM_MspInit
 .text.HAL_TIM_MspPostInit
                0x080023d8       0x54 build/tim.o
                0x080023d8                HAL_TIM_MspPostInit
 .text.MX_TIM3_Init
                0x0800242c       0x7c build/tim.o
                0x0800242c                MX_TIM3_Init
 .text.MX_USART1_UART_Init
                0x080024a8       0x34 build/usart.o
                0x080024a8                MX_USART1_UART_Init
 .text.HAL_UART_MspInit
                0x080024dc       0x70 build/usart.o
                0x080024dc                HAL_UART_MspInit
 .text.Reset_Handler
                0x0800254c       0x50 build/startup_stm32f405xx.o
                0x0800254c                Reset_Handler
 .text.Default_Handler
                0x0800259c        0x2 build/startup_stm32f405xx.o
                0x0800259c                RTC_Alarm_IRQHandler
                0x0800259c                HASH_RNG_IRQHandler
                0x0800259c                EXTI2_IRQHandler
                0x0800259c                TIM8_CC_IRQHandler
                0x0800259c                TIM1_CC_IRQHandler
                0x0800259c                DMA2_Stream5_IRQHandler
                0x0800259c                DMA1_Stream5_IRQHandler
                0x0800259c                PVD_IRQHandler
                0x0800259c                SDIO_IRQHandler
                0x0800259c                TAMP_STAMP_IRQHandler
                0x0800259c                CAN2_RX1_IRQHandler
                0x0800259c                EXTI3_IRQHandler
                0x0800259c                TIM8_TRG_COM_TIM14_IRQHandler
                0x0800259c                TIM1_UP_TIM10_IRQHandler
                0x0800259c                TIM8_UP_TIM13_IRQHandler
                0x0800259c                I2C3_ER_IRQHandler
                0x0800259c                EXTI0_IRQHandler
                0x0800259c                I2C2_EV_IRQHandler
                0x0800259c                DMA1_Stream2_IRQHandler
                0x0800259c                CAN1_RX0_IRQHandler
                0x0800259c                FPU_IRQHandler
                0x0800259c                OTG_HS_WKUP_IRQHandler
                0x0800259c                CAN2_SCE_IRQHandler
                0x0800259c                DMA2_Stream2_IRQHandler
                0x0800259c                SPI1_IRQHandler
                0x0800259c                TIM6_DAC_IRQHandler
                0x0800259c                TIM1_BRK_TIM9_IRQHandler
                0x0800259c                CAN2_RX0_IRQHandler
                0x0800259c                DMA2_Stream3_IRQHandler
                0x0800259c                USART6_IRQHandler
                0x0800259c                USART3_IRQHandler
                0x0800259c                CAN1_RX1_IRQHandler
                0x0800259c                UART5_IRQHandler
                0x0800259c                TIM4_IRQHandler
                0x0800259c                I2C1_EV_IRQHandler
                0x0800259c                DMA1_Stream6_IRQHandler
                0x0800259c                DMA1_Stream1_IRQHandler
                0x0800259c                UART4_IRQHandler
                0x0800259c                TIM3_IRQHandler
                0x0800259c                RCC_IRQHandler
                0x0800259c                TIM8_BRK_TIM12_IRQHandler
                0x0800259c                Default_Handler
                0x0800259c                EXTI15_10_IRQHandler
                0x0800259c                ADC_IRQHandler
                0x0800259c                DMA1_Stream7_IRQHandler
                0x0800259c                TIM7_IRQHandler
                0x0800259c                CAN2_TX_IRQHandler
                0x0800259c                TIM5_IRQHandler
                0x0800259c                DMA2_Stream7_IRQHandler
                0x0800259c                I2C3_EV_IRQHandler
                0x0800259c                EXTI9_5_IRQHandler
                0x0800259c                RTC_WKUP_IRQHandler
                0x0800259c                SPI2_IRQHandler
                0x0800259c                OTG_HS_EP1_IN_IRQHandler
                0x0800259c                DMA1_Stream0_IRQHandler
                0x0800259c                CAN1_TX_IRQHandler
                0x0800259c                EXTI4_IRQHandler
                0x0800259c                FSMC_IRQHandler
                0x0800259c                OTG_HS_EP1_OUT_IRQHandler
                0x0800259c                WWDG_IRQHandler
                0x0800259c                TIM2_IRQHandler
                0x0800259c                OTG_FS_WKUP_IRQHandler
                0x0800259c                TIM1_TRG_COM_TIM11_IRQHandler
                0x0800259c                OTG_HS_IRQHandler
                0x0800259c                EXTI1_IRQHandler
                0x0800259c                USART2_IRQHandler
                0x0800259c                I2C2_ER_IRQHandler
                0x0800259c                DMA2_Stream1_IRQHandler
                0x0800259c                CAN1_SCE_IRQHandler
                0x0800259c                FLASH_IRQHandler
                0x0800259c                DMA2_Stream4_IRQHandler
                0x0800259c                USART1_IRQHandler
                0x0800259c                OTG_FS_IRQHandler
                0x0800259c                SPI3_IRQHandler
                0x0800259c                DMA1_Stream4_IRQHandler
                0x0800259c                I2C1_ER_IRQHandler
                0x0800259c                DMA2_Stream6_IRQHandler
                0x0800259c                DMA1_Stream3_IRQHandler
 *fill*         0x0800259e        0x2 
 .text.snprintf
                0x080025a0       0x64 /opt/arm-gnu-toolchain-15.2.rel1-x86_64-arm-none-eabi/bin/../lib/gcc/arm-none-eabi/15.2.1/../../../../arm-none-eabi/lib/thumb/v7e-m+fp/hard/libc_nano.a(libc_a-snprintf.o)
                0x080025a0                snprintf
                0x080025a0                sniprintf
 .text.memset   0x08002604       0x10 /opt/arm-gnu-toolchain-15.2.rel1-x86_64-arm-none-eabi/bin/../lib/gcc/arm-none-eabi/15.2.1/../../../../arm-none-eabi/lib/thumb/v7e-m+fp/hard/libc_nano.a(libc_a-memset.o)
                0x08002604                memset
 .text.__errno  0x08002614        0xc /opt/arm-gnu-toolchain-15.2.rel1-x86_64-arm-none-eabi/bin/../lib/gcc/arm-none-eabi/15.2.1/../../../../arm-none-eabi/lib/thumb/v7e-m+fp/hard/libc_nano.a(libc_a-errno.o)
                0x08002614                __errno
 .text.__libc_init_array
                0x08002620       0x48 /opt/arm-gnu-toolchain-15.2.rel1-x86_64-arm-none-eabi/bin/../lib/gcc/arm-none-eabi/15.2.1/../../../../arm-none-eabi/lib/thumb/v7e-m+fp/hard/libc_nano.a(libc_a-init.o)
                0x08002620                __libc_init_array
 .text.__retarget_lock_acquire_recursive
                0x08002668        0x2 /opt/arm-gnu-toolchain-15.2.rel1-x86_64-arm-none-eabi/bin/../lib/gcc/arm-none-eabi/15.2.1/../../../../arm-none-eabi/lib/thumb/v7e-m+fp/hard/libc_nano.a(libc_a-lock.o)
                0x08002668                __retarget_lock_acquire_recursive
 .text.__retarget_lock_release_recursive
                0x0800266a        0x2 /opt/arm-gnu-toolchain-15.2.rel1-x86_64-arm-none-eabi/bin/../lib/gcc/arm-none-eabi/15.2.1/../../../../arm-none-eabi/lib/thumb/v7e-m+fp/hard/libc_nano.a(libc_a-lock.o)
                0x0800266a                __retarget_lock_release_recursive
 .text._free_r  0x0800266c       0x98 /opt/arm-gnu-toolchain-15.2.rel1-x86_64-arm-none-eabi/bin/../lib/gcc/arm-none-eabi/15.2.1/../../../../arm-none-eabi/lib/thumb/v7e-m+fp/hard/libc_nano.a(libc_a-freer.o)
                0x0800266c                _free_r
 .text.sbrk_aligned
                0x08002704       0x44 /opt/arm-gnu-toolchain-15.2.rel1-x86_64-arm-none-eabi/bin/../lib/gcc/arm-none-eabi/15.2.1/../../../../arm-none-eabi/lib/thumb/v7e-m+fp/hard/libc_nano.a(libc_a-mallocr.o)
 .text._malloc_r
                0x08002748       0xf8 /opt/arm-gnu-toolchain-15.2.rel1-x86_64-arm-none-eabi/bin/../lib/gcc/arm-none-eabi/15.2.1/../../../../arm-none-eabi/lib/thumb/v7e-m+fp/hard/libc_nano.a(libc_a-mallocr.o)
                0x08002748                _malloc_r
 .text.__malloc_lock
                0x08002840        0xc /opt/arm-gnu-toolchain-15.2.rel1-x86_64-arm-none-eabi/bin/../lib/gcc/arm-none-eabi/15.2.1/../../../../arm-none-eabi/lib/thumb/v7e-m+fp/hard/libc_nano.a(libc_a-mlock.o)
                0x08002840                __malloc_lock
 .text.__malloc_unlock
                0x0800284c        0xc /opt/arm-gnu-toolchain-15.2.rel1-x86_64-arm-none-eabi/bin/../lib/gcc/arm-none-eabi/15.2.1/../../../../arm-none-eabi/lib/thumb/v7e-m+fp/hard/libc_nano.a(libc_a-mlock.o)
                0x0800284c                __malloc_unlock
 .text.__ssputs_r
                0x08002858       0xc0 /opt/arm-gnu-toolchain-15.2.rel1-x86_64-arm-none-eabi/bin/../lib/gcc/arm-none-eabi/15.2.1/../../../../arm-none-eabi/lib/thumb/v7e-m+fp/hard/libc_nano.a(libc_a-nano-svfprintf.o)
                0x08002858                __ssputs_r
 .text._svfprintf_r
                0x08002918      0x1f0 /opt/arm-gnu-toolchain-15.2.rel1-x86_64-arm-none-eabi/bin/../lib/gcc/arm-none-eabi/15.2.1/../../../../arm-none-eabi/lib/thumb/v7e-m+fp/hard/libc_nano.a(libc_a-nano-svfprintf.o)
                0x08002918                _svfprintf_r
                0x08002918                _svfiprintf_r
 .text._printf_common
                0x08002b08       0xea /opt/arm-gnu-toolchain-15.2.rel1-x86_64-arm-none-eabi/bin/../lib/gcc/arm-none-eabi/15.2.1/../../../../arm-none-eabi/lib/thumb/v7e-m+fp/hard/libc_nano.a(libc_a-nano-vfprintf_i.o)
                0x08002b08                _printf_common
 *fill*         0x08002bf2        0x2 
 .text._printf_i
                0x08002bf4      0x254 /opt/arm-gnu-toolchain-15.2.rel1-x86_64-arm-none-eabi/bin/../lib/gcc/arm-none-eabi/15.2.1/../../../../arm-none-eabi/lib/thumb/v7e-m+fp/hard/libc_nano.a(libc_a-nano-vfprintf_i.o)
                0x08002bf4                _printf_i
 .text.memmove  0x08002e48       0x32 /opt/arm-gnu-toolchain-15.2.rel1-x86_64-arm-none-eabi/bin/../lib/gcc/arm-none-eabi/15.2.1/../../../../arm-none-eabi/lib/thumb/v7e-m+fp/hard/libc_nano.a(libc_a-memmove.o)
                0x08002e48                memmove
 *fill*         0x08002e7a        0x2 
 .text._sbrk_r  0x08002e7c       0x20 /opt/arm-gnu-toolchain-15.2.rel1-x86_64-arm-none-eabi/bin/../lib/gcc/arm-none-eabi/15.2.1/../../../../arm-none-eabi/lib/thumb/v7e-m+fp/hard/libc_nano.a(libc_a-sbrkr.o)
                0x08002e7c                _sbrk_r
 .text.memcpy   0x08002e9c       0x1c /opt/arm-gnu-toolchain-15.2.rel1-x86_64-arm-none-eabi/bin/../lib/gcc/arm-none-eabi/15.2.1/../../../../arm-none-eabi/lib/thumb/v7e-m+fp/hard/libc_nano.a(libc_a-memcpy-stub.o)
                0x08002e9c                memcpy
 .text._realloc_r
                0x08002eb8       0x5c /opt/arm-gnu-toolchain-15.2.rel1-x86_64-arm-none-eabi/bin/../lib/gcc/arm-none-eabi/15.2.1/../../../../arm-none-eabi/lib/thumb/v7e-m+fp/hard/libc_nano.a(libc_a-reallocr.o)
                0x08002eb8                _realloc_r
 .text._malloc_usable_size_r
                0x08002f14       0x10 /opt/arm-gnu-toolchain-15.2.rel1-x86_64-arm-none-eabi/bin/../lib/gcc/arm-none-eabi/15.2.1/../../../../arm-none-eabi/lib/thumb/v7e-m+fp/hard/libc_nano.a(libc_a-msizer.o)
                0x08002f14                _malloc_usable_size_r
 .text.__udivmoddi4
                0x08002f24      0x320 /opt/arm-gnu-toolchain-15.2.rel1-x86_64-arm-none-eabi/bin/../lib/gcc/arm-none-eabi/15.2.1/thumb/v7e-m+fp/hard/libgcc.a(_udivmoddi4.o)
                0x08002f24                __udivmoddi4
 *(.glue_7)
 .glue_7        0x08003244        0x0 linker stubs
 *(.glue_7t)
 .glue_7t       0x08003244        0x0 linker stubs
 *(.eh_frame)
 .eh_frame      0x08003244        0x0 /opt/arm-gnu-toolchain-15.2.rel1-x86_64-arm-none-eabi/bin/../lib/gcc/arm-none-eabi/15.2.1/thumb/v7e-m+fp/hard/crtbegin.o
 *(.init)
 .init          0x08003244        0x4 /opt/arm-gnu-toolchain-15.2.rel1-x86_64-arm-none-eabi/bin/../lib/gcc/arm-none-eabi/15.2.1/thumb/v7e-m+fp/hard/crti.o
                0x08003244                _init
 .init          0x08003248        0x8 /opt/arm-gnu-toolchain-15.2.rel1-x86_64-arm-none-eabi/bin/../lib/gcc/arm-none-eabi/15.2.1/thumb/v7e-m+fp/hard/crtn.o
 *(.fini)
 .fini          0x08003250        0x4 /opt/arm-gnu-toolchain-15.2.rel1-x86_64-arm-none-eabi/bin/../lib/gcc/arm-none-eabi/15.2.1/thumb/v7e-m+fp/hard/crti.o
                0x08003250                _fini
 .fini          0x08003254        0x8 /opt/arm-gnu-toolchain-15.2.rel1-x86_64-arm-none-eabi/bin/../lib/gcc/arm-none-eabi/15.2.1/thumb/v7e-m+fp/hard/crtn.o
                0x0800325c                        . = ALIGN (0x4)
                0x0800325c                        _etext = .

.vfp11_veneer   0x0800325c        0x0
 .vfp11_veneer  0x0800325c        0x0 linker stubs

.v4_bx          0x0800325c        0x0
 .v4_bx         0x0800325c        0x0 linker stubs

.iplt           0x0800325c        0x0
 .iplt          0x0800325c        0x0 /opt/arm-gnu-toolchain-15.2.rel1-x86_64-arm-none-eabi/bin/../lib/gcc/arm-none-eabi/15.2.1/thumb/v7e-m+fp/hard/crtbegin.o

.rodata         0x0800325c       0x64
                0x0800325c                        . = ALIGN (0x4)
 *(.rodata)
 *(.rodata*)
 .rodata.main.str1.4
                0x0800325c       0x10 build/main.o
 .rodata.flagBitshiftOffset.0
                0x0800326c        0x8 build/stm32f4xx_hal_dma.o
 .rodata.APBPrescTable
                0x08003274        0x8 build/system_stm32f4xx.o
                0x08003274                APBPrescTable
 .rodata.AHBPrescTable
                0x0800327c       0x10 build/system_stm32f4xx.o
                0x0800327c                AHBPrescTable
 .rodata._svfprintf_r.str1.1
                0x0800328c       0x33 /opt/arm-gnu-toolchain-15.2.rel1-x86_64-arm-none-eabi/bin/../lib/gcc/arm-none-eabi/15.2.1/../../../../arm-none-eabi/lib/thumb/v7e-m+fp/hard/libc_nano.a(libc_a-nano-svfprintf.o)
                                 0x11 (size before relaxing)
 .rodata._printf_i.str1.1
                0x080032bf        0x0 /opt/arm-gnu-toolchain-15.2.rel1-x86_64-arm-none-eabi/bin/../lib/gcc/arm-none-eabi/15.2.1/../../../../arm-none-eabi/lib/thumb/v7e-m+fp/hard/libc_nano.a(libc_a-nano-vfprintf_i.o)
                                 0x22 (size before relaxing)
                0x080032c0                        . = ALIGN (0x4)
 *fill*         0x080032bf        0x1 

.ARM.extab      0x080032c0        0x0
                0x080032c0                        . = ALIGN (0x4)
 *(.ARM.extab* .gnu.linkonce.armextab.*)
                0x080032c0                        . = ALIGN (0x4)

.ARM            0x080032c0        0x8
                0x080032c0                        . = ALIGN (0x4)
                0x080032c0                        __exidx_start = .
 *(.ARM.exidx*)
 .ARM.exidx     0x080032c0        0x8 /opt/arm-gnu-toolchain-15.2.rel1-x86_64-arm-none-eabi/bin/../lib/gcc/arm-none-eabi/15.2.1/../../../../arm-none-eabi/lib/thumb/v7e-m+fp/hard/libc_nano.a(libc_a-memchr.o)
 .ARM.exidx.text.__udivmoddi4
                0x080032c8        0x0 /opt/arm-gnu-toolchain-15.2.rel1-x86_64-arm-none-eabi/bin/../lib/gcc/arm-none-eabi/15.2.1/thumb/v7e-m+fp/hard/libgcc.a(_udivmoddi4.o)
                                  0x8 (size before relaxing)
                0x080032c8                        __exidx_end = .
                0x080032c8                        . = ALIGN (0x4)

.preinit_array  0x080032c8        0x0
                0x080032c8                        . = ALIGN (0x4)
                0x080032c8                        PROVIDE (__preinit_array_start = .)
 *(.preinit_array*)
                0x080032c8                        PROVIDE (__preinit_array_end = .)
                0x080032c8                        . = ALIGN (0x4)

.init_array     0x080032c8        0x4
                0x080032c8                        . = ALIGN (0x4)
                0x080032c8                        PROVIDE (__init_array_start = .)
 *(SORT_BY_NAME(.init_array.*))
 *(.init_array*)
 .init_array    0x080032c8        0x4 /opt/arm-gnu-toolchain-15.2.rel1-x86_64-arm-none-eabi/bin/../lib/gcc/arm-none-eabi/15.2.1/thumb/v7e-m+fp/hard/crtbegin.o
                0x080032cc                        PROVIDE (__init_array_end = .)
                0x080032cc                        . = ALIGN (0x4)

.fini_array     0x080032cc        0x4
                0x080032cc                        . = ALIGN (0x4)
                [!provide]                        PROVIDE (__fini_array_start = .)
 *(SORT_BY_NAME(.fini_array.*))
 *(.fini_array*)
 .fini_array    0x080032cc        0x4 /opt/arm-gnu-toolchain-15.2.rel1-x86_64-arm-none-eabi/bin/../lib/gcc/arm-none-eabi/15.2.1/thumb/v7e-m+fp/hard/crtbegin.o
                [!provide]                        PROVIDE (__fini_array_end = .)
                0x080032d0                        . = ALIGN (0x4)
                0x080032d0                        _sidata = LOADADDR (.data)

.rel.dyn        0x080032d0        0x0
 .rel.iplt      0x080032d0        0x0 /opt/arm-gnu-toolchain-15.2.rel1-x86_64-arm-none-eabi/bin/../lib/gcc/arm-none-eabi/15.2.1/thumb/v7e-m+fp/hard/crtbegin.o

.data           0x20000000       0x5c load address 0x080032d0
                0x20000000                        . = ALIGN (0x4)
                0x20000000                        _sdata = .
 *(.data)
 *(.data*)
 .data.uwTickFreq
                0x20000000        0x1 build/stm32f4xx_hal.o
                0x20000000                uwTickFreq
 *fill*         0x20000001        0x3 
 .data.uwTickPrio
                0x20000004        0x4 build/stm32f4xx_hal.o
                0x20000004                uwTickPrio
 .data.SystemCoreClock
                0x20000008        0x4 build/system_stm32f4xx.o
                0x20000008                SystemCoreClock
 .data._impure_ptr
                0x2000000c        0x4 /opt/arm-gnu-toolchain-15.2.rel1-x86_64-arm-none-eabi/bin/../lib/gcc/arm-none-eabi/15.2.1/../../../../arm-none-eabi/lib/thumb/v7e-m+fp/hard/libc_nano.a(libc_a-impure.o)
                0x2000000c                _impure_ptr
 .data._impure_data
                0x20000010       0x4c /opt/arm-gnu-toolchain-15.2.rel1-x86_64-arm-none-eabi/bin/../lib/gcc/arm-none-eabi/15.2.1/../../../../arm-none-eabi/lib/thumb/v7e-m+fp/hard/libc_nano.a(libc_a-impure.o)
                0x20000010                _impure_data
 *(.RamFunc)
 *(.RamFunc*)
                0x2000005c                        . = ALIGN (0x4)
                0x2000005c                        _edata = .
                0x0800332c                        _siccmram = LOADADDR (.ccmram)

.tm_clone_table
                0x2000005c        0x0 load address 0x0800332c
 .tm_clone_table
                0x2000005c        0x0 /opt/arm-gnu-toolchain-15.2.rel1-x86_64-arm-none-eabi/bin/../lib/gcc/arm-none-eabi/15.2.1/thumb/v7e-m+fp/hard/crtbegin.o
 .tm_clone_table
                0x2000005c        0x0 /opt/arm-gnu-toolchain-15.2.rel1-x86_64-arm-none-eabi/bin/../lib/gcc/arm-none-eabi/15.2.1/thumb/v7e-m+fp/hard/crtend.o

.igot.plt       0x2000005c        0x0 load address 0x0800332c
 .igot.plt      0x2000005c        0x0 /opt/arm-gnu-toolchain-15.2.rel1-x86_64-arm-none-eabi/bin/../lib/gcc/arm-none-eabi/15.2.1/thumb/v7e-m+fp/hard/crtbegin.o

.ccmram         0x10000000        0x0 load address 0x0800332c
                0x10000000                        . = ALIGN (0x4)
                0x10000000                        _sccmram = .
 *(.ccmram)
 *(.ccmram*)
                0x10000000                        . = ALIGN (0x4)
                0x10000000                        _eccmram = .
                0x10000000                        . = ALIGN (0x4)

.bss            0x2000005c      0x2b0
                0x2000005c                        _sbss = .
                0x2000005c                        __bss_start__ = _sbss
 *(.bss)
 *(.bss*)
 .bss.completed.1
                0x2000005c        0x1 /opt/arm-gnu-toolchain-15.2.rel1-x86_64-arm-none-eabi/bin/../lib/gcc/arm-none-eabi/15.2.1/thumb/v7e-m+fp/hard/crtbegin.o
 *fill*         0x2000005d        0x3 
 .bss.object.0  0x20000060       0x18 /opt/arm-gnu-toolchain-15.2.rel1-x86_64-arm-none-eabi/bin/../lib/gcc/arm-none-eabi/15.2.1/thumb/v7e-m+fp/hard/crtbegin.o
 .bss.adc_buffer
                0x20000078        0xa build/main.o
                0x20000078                adc_buffer
 *fill*         0x20000082        0x2 
 .bss.uwTick    0x20000084        0x4 build/stm32f4xx_hal.o
                0x20000084                uwTick
 .bss.__sbrk_heap_end
                0x20000088        0x4 build/sysmem.o
 .bss.hdma_adc1
                0x2000008c       0x60 build/adc.o
                0x2000008c                hdma_adc1
 .bss.hadc1     0x200000ec       0x48 build/adc.o
                0x200000ec                hadc1
 .bss.htim3     0x20000134       0x48 build/tim.o
                0x20000134                htim3
 .bss.huart1    0x2000017c       0x48 build/usart.o
                0x2000017c                huart1
 .bss.__sf      0x200001c4      0x138 /opt/arm-gnu-toolchain-15.2.rel1-x86_64-arm-none-eabi/bin/../lib/gcc/arm-none-eabi/15.2.1/../../../../arm-none-eabi/lib/thumb/v7e-m+fp/hard/libc_nano.a(libc_a-findfp.o)
                0x200001c4                __sf
 .bss.errno     0x200002fc        0x4 /opt/arm-gnu-toolchain-15.2.rel1-x86_64-arm-none-eabi/bin/../lib/gcc/arm-none-eabi/15.2.1/../../../../arm-none-eabi/lib/thumb/v7e-m+fp/hard/libc_nano.a(libc_a-reent.o)
                0x200002fc                errno
 .bss.__lock___malloc_recursive_mutex
                0x20000300        0x1 /opt/arm-gnu-toolchain-15.2.rel1-x86_64-arm-none-eabi/bin/../lib/gcc/arm-none-eabi/15.2.1/../../../../arm-none-eabi/lib/thumb/v7e-m+fp/hard/libc_nano.a(libc_a-lock.o)
                0x20000300                __lock___malloc_recursive_mutex
 *fill*         0x20000301        0x3 
 .bss.__malloc_sbrk_start
                0x20000304        0x4 /opt/arm-gnu-toolchain-15.2.rel1-x86_64-arm-none-eabi/bin/../lib/gcc/arm-none-eabi/15.2.1/../../../../arm-none-eabi/lib/thumb/v7e-m+fp/hard/libc_nano.a(libc_a-mallocr.o)
                0x20000304                __malloc_sbrk_start
 .bss.__malloc_free_list
                0x20000308        0x4 /opt/arm-gnu-toolchain-15.2.rel1-x86_64-arm-none-eabi/bin/../lib/gcc/arm-none-eabi/15.2.1/../../../../arm-none-eabi/lib/thumb/v7e-m+fp/hard/libc_nano.a(libc_a-mallocr.o)
                0x20000308                __malloc_free_list
 *(COMMON)
                0x2000030c                        . = ALIGN (0x4)
                0x2000030c                        _ebss = .
                0x2000030c                        __bss_end__ = _ebss

._user_heap_stack
                0x2000030c      0x604
                0x20000310                        . = ALIGN (0x8)
 *fill*         0x2000030c        0x4 
                [!provide]                        PROVIDE (end = .)
                0x20000310                        PROVIDE (_end = .)
                0x20000510                        . = (. + _Min_Heap_Size)
 *fill*         0x20000310      0x200 
                0x20000910                        . = (. + _Min_Stack_Size)
 *fill*         0x20000510      0x400 
                0x20000910                        . = ALIGN (0x8)

/DISCARD/
 libc.a(*)
 libm.a(*)
 libgcc.a(*)
OUTPUT(build/SMQS_STM32F405.elf elf32-littlearm)
LOAD linker stubs
LOAD /opt/arm-gnu-toolchain-15.2.rel1-x86_64-arm-none-eabi/bin/../lib/gcc/arm-none-eabi/15.2.1/../../../../arm-none-eabi/lib/thumb/v7e-m+fp/hard/libc.a
LOAD /opt/arm-gnu-toolchain-15.2.rel1-x86_64-arm-none-eabi/bin/../lib/gcc/arm-none-eabi/15.2.1/../../../../arm-none-eabi/lib/thumb/v7e-m+fp/hard/libm.a
LOAD /opt/arm-gnu-toolchain-15.2.rel1-x86_64-arm-none-eabi/bin/../lib/gcc/arm-none-eabi/15.2.1/thumb/v7e-m+fp/hard/libgcc.a

.ARM.attributes
                0x00000000       0x30
 .ARM.attributes
                0x00000000       0x22 /opt/arm-gnu-toolchain-15.2.rel1-x86_64-arm-none-eabi/bin/../lib/gcc/arm-none-eabi/15.2.1/thumb/v7e-m+fp/hard/crti.o
 .ARM.attributes
                0x00000022       0x34 /opt/arm-gnu-toolchain-15.2.rel1-x86_64-arm-none-eabi/bin/../lib/gcc/arm-none-eabi/15.2.1/thumb/v7e-m+fp/hard/crtbegin.o
 .ARM.attributes
                0x00000056       0x34 build/main.o
 .ARM.attributes
                0x0000008a       0x34 build/stm32f4xx_it.o
 .ARM.attributes
                0x000000be       0x34 build/stm32f4xx_hal_msp.o
 .ARM.attributes
                0x000000f2       0x34 build/stm32f4xx_hal_adc.o
 .ARM.attributes
                0x00000126       0x34 build/stm32f4xx_hal_rcc.o
 .ARM.attributes
                0x0000015a       0x34 build/stm32f4xx_hal_gpio.o
 .ARM.attributes
                0x0000018e       0x34 build/stm32f4xx_hal_dma.o
 .ARM.attributes
                0x000001c2       0x34 build/stm32f4xx_hal_cortex.o
 .ARM.attributes
                0x000001f6       0x34 build/stm32f4xx_hal.o
 .ARM.attributes
                0x0000022a       0x34 build/stm32f4xx_hal_tim.o
 .ARM.attributes
                0x0000025e       0x34 build/stm32f4xx_hal_tim_ex.o
 .ARM.attributes
                0x00000292       0x34 build/stm32f4xx_hal_uart.o
 .ARM.attributes
                0x000002c6       0x34 build/system_stm32f4xx.o
 .ARM.attributes
                0x000002fa       0x34 build/sysmem.o
 .ARM.attributes
                0x0000032e       0x34 build/gpio.o
 .ARM.attributes
                0x00000362       0x34 build/adc.o
 .ARM.attributes
                0x00000396       0x34 build/dma.o
 .ARM.attributes
                0x000003ca       0x34 build/tim.o
 .ARM.attributes
                0x000003fe       0x34 build/usart.o
 .ARM.attributes
                0x00000432       0x21 build/startup_stm32f405xx.o
 .ARM.attributes
                0x00000453       0x34 /opt/arm-gnu-toolchain-15.2.rel1-x86_64-arm-none-eabi/bin/../lib/gcc/arm-none-eabi/15.2.1/../../../../arm-none-eabi/lib/thumb/v7e-m+fp/hard/libc_nano.a(libc_a-findfp.o)
 .ARM.attributes
                0x00000487       0x34 /opt/arm-gnu-toolchain-15.2.rel1-x86_64-arm-none-eabi/bin/../lib/gcc/arm-none-eabi/15.2.1/../../../../arm-none-eabi/lib/thumb/v7e-m+fp/hard/libc_nano.a(libc_a-snprintf.o)
 .ARM.attributes
                0x000004bb       0x34 /opt/arm-gnu-toolchain-15.2.rel1-x86_64-arm-none-eabi/bin/../lib/gcc/arm-none-eabi/15.2.1/../../../../arm-none-eabi/lib/thumb/v7e-m+fp/hard/libc_nano.a(libc_a-memset.o)
 .ARM.attributes
                0x000004ef       0x34 /opt/arm-gnu-toolchain-15.2.rel1-x86_64-arm-none-eabi/bin/../lib/gcc/arm-none-eabi/15.2.1/../../../../arm-none-eabi/lib/thumb/v7e-m+fp/hard/libc_nano.a(libc_a-reent.o)
 .ARM.attributes
                0x00000523       0x34 /opt/arm-gnu-toolchain-15.2.rel1-x86_64-arm-none-eabi/bin/../lib/gcc/arm-none-eabi/15.2.1/../../../../arm-none-eabi/lib/thumb/v7e-m+fp/hard/libc_nano.a(libc_a-impure.o)
 .ARM.attributes
                0x00000557       0x34 /opt/arm-gnu-toolchain-15.2.rel1-x86_64-arm-none-eabi/bin/../lib/gcc/arm-none-eabi/15.2.1/../../../../arm-none-eabi/lib/thumb/v7e-m+fp/hard/libc_nano.a(libc_a-errno.o)
 .ARM.attributes
                0x0000058b       0x34 /opt/arm-gnu-toolchain-15.2.rel1-x86_64-arm-none-eabi/bin/../lib/gcc/arm-none-eabi/15.2.1/../../../../arm-none-eabi/lib/thumb/v7e-m+fp/hard/libc_nano.a(libc_a-init.o)
 .ARM.attributes
                0x000005bf       0x34 /opt/arm-gnu-toolchain-15.2.rel1-x86_64-arm-none-eabi/bin/../lib/gcc/arm-none-eabi/15.2.1/../../../../arm-none-eabi/lib/thumb/v7e-m+fp/hard/libc_nano.a(libc_a-lock.o)
 .ARM.attributes
                0x000005f3       0x34 /opt/arm-gnu-toolchain-15.2.rel1-x86_64-arm-none-eabi/bin/../lib/gcc/arm-none-eabi/15.2.1/../../../../arm-none-eabi/lib/thumb/v7e-m+fp/hard/libc_nano.a(libc_a-freer.o)
 .ARM.attributes
                0x00000627       0x34 /opt/arm-gnu-toolchain-15.2.rel1-x86_64-arm-none-eabi/bin/../lib/gcc/arm-none-eabi/15.2.1/../../../../arm-none-eabi/lib/thumb/v7e-m+fp/hard/libc_nano.a(libc_a-mallocr.o)
 .ARM.attributes
                0x0000065b       0x34 /opt/arm-gnu-toolchain-15.2.rel1-x86_64-arm-none-eabi/bin/../lib/gcc/arm-none-eabi/15.2.1/../../../../arm-none-eabi/lib/thumb/v7e-m+fp/hard/libc_nano.a(libc_a-mlock.o)
 .ARM.attributes
                0x0000068f       0x34 /opt/arm-gnu-toolchain-15.2.rel1-x86_64-arm-none-eabi/bin/../lib/gcc/arm-none-eabi/15.2.1/../../../../arm-none-eabi/lib/thumb/v7e-m+fp/hard/libc_nano.a(libc_a-nano-svfprintf.o)
 .ARM.attributes
                0x000006c3       0x34 /opt/arm-gnu-toolchain-15.2.rel1-x86_64-arm-none-eabi/bin/../lib/gcc/arm-none-eabi/15.2.1/../../../../arm-none-eabi/lib/thumb/v7e-m+fp/hard/libc_nano.a(libc_a-nano-vfprintf_i.o)
 .ARM.attributes
                0x000006f7       0x34 /opt/arm-gnu-toolchain-15.2.rel1-x86_64-arm-none-eabi/bin/../lib/gcc/arm-none-eabi/15.2.1/../../../../arm-none-eabi/lib/thumb/v7e-m+fp/hard/libc_nano.a(libc_a-memmove.o)
 .ARM.attributes
                0x0000072b       0x34 /opt/arm-gnu-toolchain-15.2.rel1-x86_64-arm-none-eabi/bin/../lib/gcc/arm-none-eabi/15.2.1/../../../../arm-none-eabi/lib/thumb/v7e-m+fp/hard/libc_nano.a(libc_a-sbrkr.o)
 .ARM.attributes
                0x0000075f       0x1c /opt/arm-gnu-toolchain-15.2.rel1-x86_64-arm-none-eabi/bin/../lib/gcc/arm-none-eabi/15.2.1/../../../../arm-none-eabi/lib/thumb/v7e-m+fp/hard/libc_nano.a(libc_a-memchr.o)
 .ARM.attributes
                0x0000077b       0x34 /opt/arm-gnu-toolchain-15.2.rel1-x86_64-arm-none-eabi/bin/../lib/gcc/arm-none-eabi/15.2.1/../../../../arm-none-eabi/lib/thumb/v7e-m+fp/hard/libc_nano.a(libc_a-memcpy-stub.o)
 .ARM.attributes
                0x000007af       0x34 /opt/arm-gnu-toolchain-15.2.rel1-x86_64-arm-none-eabi/bin/../lib/gcc/arm-none-eabi/15.2.1/../../../../arm-none-eabi/lib/thumb/v7e-m+fp/hard/libc_nano.a(libc_a-reallocr.o)
 .ARM.attributes
                0x000007e3       0x34 /opt/arm-gnu-toolchain-15.2.rel1-x86_64-arm-none-eabi/bin/../lib/gcc/arm-none-eabi/15.2.1/../../../../arm-none-eabi/lib/thumb/v7e-m+fp/hard/libc_nano.a(libc_a-msizer.o)
 .ARM.attributes
                0x00000817       0x22 /opt/arm-gnu-toolchain-15.2.rel1-x86_64-arm-none-eabi/bin/../lib/gcc/arm-none-eabi/15.2.1/thumb/v7e-m+fp/hard/libgcc.a(_aeabi_uldivmod.o)
 .ARM.attributes
                0x00000839       0x34 /opt/arm-gnu-toolchain-15.2.rel1-x86_64-arm-none-eabi/bin/../lib/gcc/arm-none-eabi/15.2.1/thumb/v7e-m+fp/hard/libgcc.a(_udivmoddi4.o)
 .ARM.attributes
                0x0000086d       0x22 /opt/arm-gnu-toolchain-15.2.rel1-x86_64-arm-none-eabi/bin/../lib/gcc/arm-none-eabi/15.2.1/thumb/v7e-m+fp/hard/libgcc.a(_dvmd_tls.o)
 .ARM.attributes
                0x0000088f       0x34 /opt/arm-gnu-toolchain-15.2.rel1-x86_64-arm-none-eabi/bin/../lib/gcc/arm-none-eabi/15.2.1/thumb/v7e-m+fp/hard/crtend.o
 .ARM.attributes
                0x000008c3       0x22 /opt/arm-gnu-toolchain-15.2.rel1-x86_64-arm-none-eabi/bin/../lib/gcc/arm-none-eabi/15.2.1/thumb/v7e-m+fp/hard/crtn.o

.comment        0x00000000       0x45
 .comment       0x00000000       0x45 build/main.o
                                 0x46 (size before relaxing)
 .comment       0x00000045        0x0 build/stm32f4xx_it.o
                                 0x46 (size before relaxing)
 .comment       0x00000045        0x0 build/stm32f4xx_hal_msp.o
                                 0x46 (size before relaxing)
 .comment       0x00000045        0x0 build/stm32f4xx_hal_adc.o
                                 0x46 (size before relaxing)
 .comment       0x00000045        0x0 build/stm32f4xx_hal_rcc.o
                                 0x46 (size before relaxing)
 .comment       0x00000045        0x0 build/stm32f4xx_hal_gpio.o
                                 0x46 (size before relaxing)
 .comment       0x00000045        0x0 build/stm32f4xx_hal_dma.o
                                 0x46 (size before relaxing)
 .comment       0x00000045        0x0 build/stm32f4xx_hal_cortex.o
                                 0x46 (size before relaxing)
 .comment       0x00000045        0x0 build/stm32f4xx_hal.o
                                 0x46 (size before relaxing)
 .comment       0x00000045        0x0 build/stm32f4xx_hal_tim.o
                                 0x46 (size before relaxing)
 .comment       0x00000045        0x0 build/stm32f4xx_hal_tim_ex.o
                                 0x46 (size before relaxing)
 .comment       0x00000045        0x0 build/stm32f4xx_hal_uart.o
                                 0x46 (size before relaxing)
 .comment       0x00000045        0x0 build/system_stm32f4xx.o
                                 0x46 (size before relaxing)
 .comment       0x00000045        0x0 build/sysmem.o
                                 0x46 (size before relaxing)
 .comment       0x00000045        0x0 build/gpio.o
                                 0x46 (size before relaxing)
 .comment       0x00000045        0x0 build/adc.o
                                 0x46 (size before relaxing)
 .comment       0x00000045        0x0 build/dma.o
                                 0x46 (size before relaxing)
 .comment       0x00000045        0x0 build/tim.o
                                 0x46 (size before relaxing)
 .comment       0x00000045        0x0 build/usart.o
                                 0x46 (size before relaxing)

.debug_info     0x00000000    0x140ca
 .debug_info    0x00000000     0x151d build/main.o
 .debug_info    0x0000151d      0x47b build/stm32f4xx_it.o
 .debug_info    0x00001998      0x2eb build/stm32f4xx_hal_msp.o
 .debug_info    0x00001c83     0x105a build/stm32f4xx_hal_adc.o
 .debug_info    0x00002cdd      0xc20 build/stm32f4xx_hal_rcc.o
 .debug_info    0x000038fd      0x84e build/stm32f4xx_hal_gpio.o
 .debug_info    0x0000414b      0xbcd build/stm32f4xx_hal_dma.o
 .debug_info    0x00004d18     0x11ce build/stm32f4xx_hal_cortex.o
 .debug_info    0x00005ee6      0xae3 build/stm32f4xx_hal.o
 .debug_info    0x000069c9     0x4233 build/stm32f4xx_hal_tim.o
 .debug_info    0x0000abfc     0x1dbe build/stm32f4xx_hal_tim_ex.o
 .debug_info    0x0000c9ba     0x3ff7 build/stm32f4xx_hal_uart.o
 .debug_info    0x000109b1      0x5b3 build/system_stm32f4xx.o
 .debug_info    0x00010f64      0x18c build/sysmem.o
 .debug_info    0x000110f0      0x4f2 build/gpio.o
 .debug_info    0x000115e2      0xccf build/adc.o
 .debug_info    0x000122b1      0x555 build/dma.o
 .debug_info    0x00012806      0xd80 build/tim.o
 .debug_info    0x00013586      0xb14 build/usart.o
 .debug_info    0x0001409a       0x30 build/startup_stm32f405xx.o

.debug_abbrev   0x00000000     0x29c3
 .debug_abbrev  0x00000000      0x2aa build/main.o
 .debug_abbrev  0x000002aa      0x16b build/stm32f4xx_it.o
 .debug_abbrev  0x00000415       0xd3 build/stm32f4xx_hal_msp.o
 .debug_abbrev  0x000004e8      0x2c7 build/stm32f4xx_hal_adc.o
 .debug_abbrev  0x000007af      0x2de build/stm32f4xx_hal_rcc.o
 .debug_abbrev  0x00000a8d      0x23f build/stm32f4xx_hal_gpio.o
 .debug_abbrev  0x00000ccc      0x2e2 build/stm32f4xx_hal_dma.o
 .debug_abbrev  0x00000fae      0x3ca build/stm32f4xx_hal_cortex.o
 .debug_abbrev  0x00001378      0x244 build/stm32f4xx_hal.o
 .debug_abbrev  0x000015bc      0x2bd build/stm32f4xx_hal_tim.o
 .debug_abbrev  0x00001879      0x2b7 build/stm32f4xx_hal_tim_ex.o
 .debug_abbrev  0x00001b30      0x36a build/stm32f4xx_hal_uart.o
 .debug_abbrev  0x00001e9a      0x11b build/system_stm32f4xx.o
 .debug_abbrev  0x00001fb5       0xeb build/sysmem.o
 .debug_abbrev  0x000020a0      0x160 build/gpio.o
 .debug_abbrev  0x00002200      0x210 build/adc.o
 .debug_abbrev  0x00002410      0x12f build/dma.o
 .debug_abbrev  0x0000253f      0x258 build/tim.o
 .debug_abbrev  0x00002797      0x20f build/usart.o
 .debug_abbrev  0x000029a6       0x1d build/startup_stm32f405xx.o

.debug_loc      0x00000000    0x107e5
 .debug_loc     0x00000000       0x88 build/main.o
 .debug_loc     0x00000088       0x40 build/stm32f4xx_it.o
 .debug_loc     0x000000c8       0x2c build/stm32f4xx_hal_msp.o
 .debug_loc     0x000000f4      0xfc2 build/stm32f4xx_hal_adc.o
 .debug_loc     0x000010b6      0x6de build/stm32f4xx_hal_rcc.o
 .debug_loc     0x00001794      0x5d5 build/stm32f4xx_hal_gpio.o
 .debug_loc     0x00001d69      0xeb7 build/stm32f4xx_hal_dma.o
 .debug_loc     0x00002c20      0x896 build/stm32f4xx_hal_cortex.o
 .debug_loc     0x000034b6      0x1f9 build/stm32f4xx_hal.o
 .debug_loc     0x000036af     0x61b6 build/stm32f4xx_hal_tim.o
 .debug_loc     0x00009865     0x2374 build/stm32f4xx_hal_tim_ex.o
 .debug_loc     0x0000bbd9     0x4715 build/stm32f4xx_hal_uart.o
 .debug_loc     0x000102ee       0xb0 build/system_stm32f4xx.o
 .debug_loc     0x0001039e       0x90 build/sysmem.o
 .debug_loc     0x0001042e       0x38 build/gpio.o
 .debug_loc     0x00010466      0x125 build/adc.o
 .debug_loc     0x0001058b       0x38 build/dma.o
 .debug_loc     0x000105c3      0x102 build/tim.o
 .debug_loc     0x000106c5      0x120 build/usart.o

.debug_aranges  0x00000000      0xd80
 .debug_aranges
                0x00000000       0x30 build/main.o
 .debug_aranges
                0x00000030       0x68 build/stm32f4xx_it.o
 .debug_aranges
                0x00000098       0x20 build/stm32f4xx_hal_msp.o
 .debug_aranges
                0x000000b8       0xe8 build/stm32f4xx_hal_adc.o
 .debug_aranges
                0x000001a0       0x88 build/stm32f4xx_hal_rcc.o
 .debug_aranges
                0x00000228       0x58 build/stm32f4xx_hal_gpio.o
 .debug_aranges
                0x00000280       0x90 build/stm32f4xx_hal_dma.o
 .debug_aranges
                0x00000310       0xf8 build/stm32f4xx_hal_cortex.o
 .debug_aranges
                0x00000408       0xf0 build/stm32f4xx_hal.o
 .debug_aranges
                0x000004f8      0x3d0 build/stm32f4xx_hal_tim.o
 .debug_aranges
                0x000008c8      0x168 build/stm32f4xx_hal_tim_ex.o
 .debug_aranges
                0x00000a30      0x208 build/stm32f4xx_hal_uart.o
 .debug_aranges
                0x00000c38       0x28 build/system_stm32f4xx.o
 .debug_aranges
                0x00000c60       0x20 build/sysmem.o
 .debug_aranges
                0x00000c80       0x20 build/gpio.o
 .debug_aranges
                0x00000ca0       0x30 build/adc.o
 .debug_aranges
                0x00000cd0       0x20 build/dma.o
 .debug_aranges
                0x00000cf0       0x38 build/tim.o
 .debug_aranges
                0x00000d28       0x30 build/usart.o
 .debug_aranges
                0x00000d58       0x28 build/startup_stm32f405xx.o

.debug_ranges   0x00000000      0xc60
 .debug_ranges  0x00000000       0x20 build/main.o
 .debug_ranges  0x00000020       0x58 build/stm32f4xx_it.o
 .debug_ranges  0x00000078       0x10 build/stm32f4xx_hal_msp.o
 .debug_ranges  0x00000088       0xd8 build/stm32f4xx_hal_adc.o
 .debug_ranges  0x00000160       0x90 build/stm32f4xx_hal_rcc.o
 .debug_ranges  0x000001f0       0x48 build/stm32f4xx_hal_gpio.o
 .debug_ranges  0x00000238       0x80 build/stm32f4xx_hal_dma.o
 .debug_ranges  0x000002b8       0xe8 build/stm32f4xx_hal_cortex.o
 .debug_ranges  0x000003a0       0xe0 build/stm32f4xx_hal.o
 .debug_ranges  0x00000480      0x3c0 build/stm32f4xx_hal_tim.o
 .debug_ranges  0x00000840      0x158 build/stm32f4xx_hal_tim_ex.o
 .debug_ranges  0x00000998      0x1f8 build/stm32f4xx_hal_uart.o
 .debug_ranges  0x00000b90       0x18 build/system_stm32f4xx.o
 .debug_ranges  0x00000ba8       0x10 build/sysmem.o
 .debug_ranges  0x00000bb8       0x10 build/gpio.o
 .debug_ranges  0x00000bc8       0x20 build/adc.o
 .debug_ranges  0x00000be8       0x10 build/dma.o
 .debug_ranges  0x00000bf8       0x28 build/tim.o
 .debug_ranges  0x00000c20       0x20 build/usart.o
 .debug_ranges  0x00000c40       0x20 build/startup_stm32f405xx.o

.debug_line     0x00000000     0xeea0
 .debug_line    0x00000000      0x420 build/main.o
 .debug_line    0x00000420      0x284 build/stm32f4xx_it.o
 .debug_line    0x000006a4      0x160 build/stm32f4xx_hal_msp.o
 .debug_line    0x00000804     0x1075 build/stm32f4xx_hal_adc.o
 .debug_line    0x00001879      0xbca build/stm32f4xx_hal_rcc.o
 .debug_line    0x00002443      0x6f3 build/stm32f4xx_hal_gpio.o
 .debug_line    0x00002b36      0xe36 build/stm32f4xx_hal_dma.o
 .debug_line    0x0000396c      0x843 build/stm32f4xx_hal_cortex.o
 .debug_line    0x000041af      0x573 build/stm32f4xx_hal.o
 .debug_line    0x00004722     0x474e build/stm32f4xx_hal_tim.o
 .debug_line    0x00008e70     0x1a4a build/stm32f4xx_hal_tim_ex.o
 .debug_line    0x0000a8ba     0x3408 build/stm32f4xx_hal_uart.o
 .debug_line    0x0000dcc2      0x257 build/system_stm32f4xx.o
 .debug_line    0x0000df19      0x1cf build/sysmem.o
 .debug_line    0x0000e0e8      0x1bc build/gpio.o
 .debug_line    0x0000e2a4      0x3e5 build/adc.o
 .debug_line    0x0000e689      0x189 build/dma.o
 .debug_line    0x0000e812      0x34c build/tim.o
 .debug_line    0x0000eb5e      0x2cf build/usart.o
 .debug_line    0x0000ee2d       0x73 build/startup_stm32f405xx.o

.debug_str      0x00000000     0x40fa
 .debug_str     0x00000000     0x40fa build/main.o
                                0xe1d (size before relaxing)
 .debug_str     0x000040fa        0x0 build/stm32f4xx_it.o
                                0x4b0 (size before relaxing)
 .debug_str     0x000040fa        0x0 build/stm32f4xx_hal_msp.o
                                0x2a7 (size before relaxing)
 .debug_str     0x000040fa        0x0 build/stm32f4xx_hal_adc.o
                                0x94e (size before relaxing)
 .debug_str     0x000040fa        0x0 build/stm32f4xx_hal_rcc.o
                                0x6f2 (size before relaxing)
 .debug_str     0x000040fa        0x0 build/stm32f4xx_hal_gpio.o
                                0x4cc (size before relaxing)
 .debug_str     0x000040fa        0x0 build/stm32f4xx_hal_dma.o
                                0x762 (size before relaxing)
 .debug_str     0x000040fa        0x0 build/stm32f4xx_hal_cortex.o
                                0xc40 (size before relaxing)
 .debug_str     0x000040fa        0x0 build/stm32f4xx_hal.o
                                0xb2f (size before relaxing)
 .debug_str     0x000040fa        0x0 build/stm32f4xx_hal_tim.o
                               0x16eb (size before relaxing)
 .debug_str     0x000040fa        0x0 build/stm32f4xx_hal_tim_ex.o
                                0xef7 (size before relaxing)
 .debug_str     0x000040fa        0x0 build/stm32f4xx_hal_uart.o
                                0xd87 (size before relaxing)
 .debug_str     0x000040fa        0x0 build/system_stm32f4xx.o
                                0x361 (size before relaxing)
 .debug_str     0x000040fa        0x0 build/sysmem.o
                                0x211 (size before relaxing)
 .debug_str     0x000040fa        0x0 build/gpio.o
                                0x366 (size before relaxing)
 .debug_str     0x000040fa        0x0 build/adc.o
                                0x7ff (size before relaxing)
 .debug_str     0x000040fa        0x0 build/dma.o
                                0x798 (size before relaxing)
 .debug_str     0x000040fa        0x0 build/tim.o
                                0x9f9 (size before relaxing)
 .debug_str     0x000040fa        0x0 build/usart.o
                                0x822 (size before relaxing)
 .debug_str     0x000040fa        0x0 build/startup_stm32f405xx.o
                                 0x6e (size before relaxing)

.debug_frame    0x00000000     0x2818
 .debug_frame   0x00000000       0x60 build/main.o
 .debug_frame   0x00000060       0xc0 build/stm32f4xx_it.o
 .debug_frame   0x00000120       0x28 build/stm32f4xx_hal_msp.o
 .debug_frame   0x00000148      0x264 build/stm32f4xx_hal_adc.o
 .debug_frame   0x000003ac      0x16c build/stm32f4xx_hal_rcc.o
 .debug_frame   0x00000518       0xd0 build/stm32f4xx_hal_gpio.o
 .debug_frame   0x000005e8      0x170 build/stm32f4xx_hal_dma.o
 .debug_frame   0x00000758      0x214 build/stm32f4xx_hal_cortex.o
 .debug_frame   0x0000096c      0x1ec build/stm32f4xx_hal.o
 .debug_frame   0x00000b58      0xab0 build/stm32f4xx_hal_tim.o
 .debug_frame   0x00001608      0x3e8 build/stm32f4xx_hal_tim_ex.o
 .debug_frame   0x000019f0      0x5dc build/stm32f4xx_hal_uart.o
 .debug_frame   0x00001fcc       0x30 build/system_stm32f4xx.o
 .debug_frame   0x00001ffc       0x28 build/sysmem.o
 .debug_frame   0x00002024       0x34 build/gpio.o
 .debug_frame   0x00002058       0x6c build/adc.o
 .debug_frame   0x000020c4       0x2c build/dma.o
 .debug_frame   0x000020f0       0x78 build/tim.o
 .debug_frame   0x00002168       0x60 build/usart.o
 .debug_frame   0x000021c8      0x144 /opt/arm-gnu-toolchain-15.2.rel1-x86_64-arm-none-eabi/bin/../lib/gcc/arm-none-eabi/15.2.1/../../../../arm-none-eabi/lib/thumb/v7e-m+fp/hard/libc_nano.a(libc_a-findfp.o)
 .debug_frame   0x0000230c       0x7c /opt/arm-gnu-toolchain-15.2.rel1-x86_64-arm-none-eabi/bin/../lib/gcc/arm-none-eabi/15.2.1/../../../../arm-none-eabi/lib/thumb/v7e-m+fp/hard/libc_nano.a(libc_a-snprintf.o)
 .debug_frame   0x00002388       0x20 /opt/arm-gnu-toolchain-15.2.rel1-x86_64-arm-none-eabi/bin/../lib/gcc/arm-none-eabi/15.2.1/../../../../arm-none-eabi/lib/thumb/v7e-m+fp/hard/libc_nano.a(libc_a-memset.o)
 .debug_frame   0x000023a8       0x38 /opt/arm-gnu-toolchain-15.2.rel1-x86_64-arm-none-eabi/bin/../lib/gcc/arm-none-eabi/15.2.1/../../../../arm-none-eabi/lib/thumb/v7e-m+fp/hard/libc_nano.a(libc_a-reent.o)
 .debug_frame   0x000023e0       0x20 /opt/arm-gnu-toolchain-15.2.rel1-x86_64-arm-none-eabi/bin/../lib/gcc/arm-none-eabi/15.2.1/../../../../arm-none-eabi/lib/thumb/v7e-m+fp/hard/libc_nano.a(libc_a-errno.o)
 .debug_frame   0x00002400       0x2c /opt/arm-gnu-toolchain-15.2.rel1-x86_64-arm-none-eabi/bin/../lib/gcc/arm-none-eabi/15.2.1/../../../../arm-none-eabi/lib/thumb/v7e-m+fp/hard/libc_nano.a(libc_a-init.o)
 .debug_frame   0x0000242c       0xb0 /opt/arm-gnu-toolchain-15.2.rel1-x86_64-arm-none-eabi/bin/../lib/gcc/arm-none-eabi/15.2.1/../../../../arm-none-eabi/lib/thumb/v7e-m+fp/hard/libc_nano.a(libc_a-lock.o)
 .debug_frame   0x000024dc       0x38 /opt/arm-gnu-toolchain-15.2.rel1-x86_64-arm-none-eabi/bin/../lib/gcc/arm-none-eabi/15.2.1/../../../../arm-none-eabi/lib/thumb/v7e-m+fp/hard/libc_nano.a(libc_a-freer.o)
 .debug_frame   0x00002514       0x50 /opt/arm-gnu-toolchain-15.2.rel1-x86_64-arm-none-eabi/bin/../lib/gcc/arm-none-eabi/15.2.1/../../../../arm-none-eabi/lib/thumb/v7e-m+fp/hard/libc_nano.a(libc_a-mallocr.o)
 .debug_frame   0x00002564       0x30 /opt/arm-gnu-toolchain-15.2.rel1-x86_64-arm-none-eabi/bin/../lib/gcc/arm-none-eabi/15.2.1/../../../../arm-none-eabi/lib/thumb/v7e-m+fp/hard/libc_nano.a(libc_a-mlock.o)
 .debug_frame   0x00002594       0x90 /opt/arm-gnu-toolchain-15.2.rel1-x86_64-arm-none-eabi/bin/../lib/gcc/arm-none-eabi/15.2.1/../../../../arm-none-eabi/lib/thumb/v7e-m+fp/hard/libc_nano.a(libc_a-nano-svfprintf.o)
 .debug_frame   0x00002624       0x60 /opt/arm-gnu-toolchain-15.2.rel1-x86_64-arm-none-eabi/bin/../lib/gcc/arm-none-eabi/15.2.1/../../../../arm-none-eabi/lib/thumb/v7e-m+fp/hard/libc_nano.a(libc_a-nano-vfprintf_i.o)
 .debug_frame   0x00002684       0x28 /opt/arm-gnu-toolchain-15.2.rel1-x86_64-arm-none-eabi/bin/../lib/gcc/arm-none-eabi/15.2.1/../../../../arm-none-eabi/lib/thumb/v7e-m+fp/hard/libc_nano.a(libc_a-memmove.o)
 .debug_frame   0x000026ac       0x2c /opt/arm-gnu-toolchain-15.2.rel1-x86_64-arm-none-eabi/bin/../lib/gcc/arm-none-eabi/15.2.1/../../../../arm-none-eabi/lib/thumb/v7e-m+fp/hard/libc_nano.a(libc_a-sbrkr.o)
 .debug_frame   0x000026d8       0x4c /opt/arm-gnu-toolchain-15.2.rel1-x86_64-arm-none-eabi/bin/../lib/gcc/arm-none-eabi/15.2.1/../../../../arm-none-eabi/lib/thumb/v7e-m+fp/hard/libc_nano.a(libc_a-memchr.o)
 .debug_frame   0x00002724       0x28 /opt/arm-gnu-toolchain-15.2.rel1-x86_64-arm-none-eabi/bin/../lib/gcc/arm-none-eabi/15.2.1/../../../../arm-none-eabi/lib/thumb/v7e-m+fp/hard/libc_nano.a(libc_a-memcpy-stub.o)
 .debug_frame   0x0000274c       0x3c /opt/arm-gnu-toolchain-15.2.rel1-x86_64-arm-none-eabi/bin/../lib/gcc/arm-none-eabi/15.2.1/../../../../arm-none-eabi/lib/thumb/v7e-m+fp/hard/libc_nano.a(libc_a-reallocr.o)
 .debug_frame   0x00002788       0x20 /opt/arm-gnu-toolchain-15.2.rel1-x86_64-arm-none-eabi/bin/../lib/gcc/arm-none-eabi/15.2.1/../../../../arm-none-eabi/lib/thumb/v7e-m+fp/hard/libc_nano.a(libc_a-msizer.o)
 .debug_frame   0x000027a8       0x2c /opt/arm-gnu-toolchain-15.2.rel1-x86_64-arm-none-eabi/bin/../lib/gcc/arm-none-eabi/15.2.1/thumb/v7e-m+fp/hard/libgcc.a(_aeabi_uldivmod.o)
 .debug_frame   0x000027d4       0x44 /opt/arm-gnu-toolchain-15.2.rel1-x86_64-arm-none-eabi/bin/../lib/gcc/arm-none-eabi/15.2.1/thumb/v7e-m+fp/hard/libgcc.a(_udivmoddi4.o)

.debug_line_str
                0x00000000      0x1a8
 .debug_line_str
                0x00000000      0x1a8 /opt/arm-gnu-toolchain-15.2.rel1-x86_64-arm-none-eabi/bin/../lib/gcc/arm-none-eabi/15.2.1/../../../../arm-none-eabi/lib/thumb/v7e-m+fp/hard/libc_nano.a(libc_a-memchr.o)
                                 0xda (size before relaxing)
 .debug_line_str
                0x000001a8        0x0 /opt/arm-gnu-toolchain-15.2.rel1-x86_64-arm-none-eabi/bin/../lib/gcc/arm-none-eabi/15.2.1/thumb/v7e-m+fp/hard/libgcc.a(_aeabi_uldivmod.o)
                                 0xc2 (size before relaxing)
 .debug_line_str
                0x000001a8        0x0 /opt/arm-gnu-toolchain-15.2.rel1-x86_64-arm-none-eabi/bin/../lib/gcc/arm-none-eabi/15.2.1/thumb/v7e-m+fp/hard/libgcc.a(_dvmd_tls.o)
                                 0xc6 (size before relaxing)

Cross Reference Table

Symbol                                            File
ADC_IRQHandler                                    build/startup_stm32f405xx.o
AHBPrescTable                                     build/system_stm32f4xx.o
                                                  build/stm32f4xx_hal_rcc.o
APBPrescTable                                     build/system_stm32f4xx.o
                                                  build/stm32f4xx_hal_rcc.o
BusFault_Handler                                  build/stm32f4xx_it.o
CAN1_RX0_IRQHandler                               build/startup_stm32f405xx.o
CAN1_RX1_IRQHandler                               build/startup_stm32f405xx.o
CAN1_SCE_IRQHandler                               build/startup_stm32f405xx.o
CAN1_TX_IRQHandler                                build/startup_stm32f405xx.o
CAN2_RX0_IRQHandler                               build/startup_stm32f405xx.o
CAN2_RX1_IRQHandler                               build/startup_stm32f405xx.o
CAN2_SCE_IRQHandler                               build/startup_stm32f405xx.o
CAN2_TX_IRQHandler                                build/startup_stm32f405xx.o
DMA1_Stream0_IRQHandler                           build/startup_stm32f405xx.o
DMA1_Stream1_IRQHandler                           build/startup_stm32f405xx.o
DMA1_Stream2_IRQHandler                           build/startup_stm32f405xx.o
DMA1_Stream3_IRQHandler                           build/startup_stm32f405xx.o
DMA1_Stream4_IRQHandler                           build/startup_stm32f405xx.o
DMA1_Stream5_IRQHandler                           build/startup_stm32f405xx.o
DMA1_Stream6_IRQHandler                           build/startup_stm32f405xx.o
DMA1_Stream7_IRQHandler                           build/startup_stm32f405xx.o
DMA2_Stream0_IRQHandler                           build/stm32f4xx_it.o
DMA2_Stream1_IRQHandler                           build/startup_stm32f405xx.o
DMA2_Stream2_IRQHandler                           build/startup_stm32f405xx.o
DMA2_Stream3_IRQHandler                           build/startup_stm32f405xx.o
DMA2_Stream4_IRQHandler                           build/startup_stm32f405xx.o
DMA2_Stream5_IRQHandler                           build/startup_stm32f405xx.o
DMA2_Stream6_IRQHandler                           build/startup_stm32f405xx.o
DMA2_Stream7_IRQHandler                           build/startup_stm32f405xx.o
DebugMon_Handler                                  build/stm32f4xx_it.o
Default_Handler                                   build/startup_stm32f405xx.o
EXTI0_IRQHandler                                  build/startup_stm32f405xx.o
EXTI15_10_IRQHandler                              build/startup_stm32f405xx.o
EXTI1_IRQHandler                                  build/startup_stm32f405xx.o
EXTI2_IRQHandler                                  build/startup_stm32f405xx.o
EXTI3_IRQHandler                                  build/startup_stm32f405xx.o
EXTI4_IRQHandler                                  build/startup_stm32f405xx.o
EXTI9_5_IRQHandler                                build/startup_stm32f405xx.o
Error_Handler                                     build/main.o
                                                  build/usart.o
                                                  build/tim.o
                                                  build/adc.o
FLASH_Erase_Sector                                build/stm32f4xx_hal_flash_ex.o
                                                  build/stm32f4xx_hal_flash.o
FLASH_FlushCaches                                 build/stm32f4xx_hal_flash_ex.o
                                                  build/stm32f4xx_hal_flash.o
FLASH_IRQHandler                                  build/startup_stm32f405xx.o
FLASH_WaitForLastOperation                        build/stm32f4xx_hal_flash.o
                                                  build/stm32f4xx_hal_flash_ex.o
FPU_IRQHandler                                    build/startup_stm32f405xx.o
FSMC_IRQHandler                                   build/startup_stm32f405xx.o
HAL_ADCEx_InjectedConfigChannel                   build/stm32f4xx_hal_adc_ex.o
HAL_ADCEx_InjectedConvCpltCallback                build/stm32f4xx_hal_adc_ex.o
                                                  build/stm32f4xx_hal_adc.o
HAL_ADCEx_InjectedGetValue                        build/stm32f4xx_hal_adc_ex.o
HAL_ADCEx_InjectedPollForConversion               build/stm32f4xx_hal_adc_ex.o
HAL_ADCEx_InjectedStart                           build/stm32f4xx_hal_adc_ex.o
HAL_ADCEx_InjectedStart_IT                        build/stm32f4xx_hal_adc_ex.o
HAL_ADCEx_InjectedStop                            build/stm32f4xx_hal_adc_ex.o
HAL_ADCEx_InjectedStop_IT                         build/stm32f4xx_hal_adc_ex.o
HAL_ADCEx_MultiModeConfigChannel                  build/stm32f4xx_hal_adc_ex.o
HAL_ADCEx_MultiModeGetValue                       build/stm32f4xx_hal_adc_ex.o
HAL_ADCEx_MultiModeStart_DMA                      build/stm32f4xx_hal_adc_ex.o
HAL_ADCEx_MultiModeStop_DMA                       build/stm32f4xx_hal_adc_ex.o
HAL_ADC_AnalogWDGConfig                           build/stm32f4xx_hal_adc.o
HAL_ADC_ConfigChannel                             build/stm32f4xx_hal_adc.o
                                                  build/adc.o
HAL_ADC_ConvCpltCallback                          build/stm32f4xx_hal_adc.o
                                                  build/stm32f4xx_hal_adc_ex.o
HAL_ADC_ConvHalfCpltCallback                      build/stm32f4xx_hal_adc.o
                                                  build/stm32f4xx_hal_adc_ex.o
HAL_ADC_DeInit                                    build/stm32f4xx_hal_adc.o
HAL_ADC_ErrorCallback                             build/stm32f4xx_hal_adc.o
                                                  build/stm32f4xx_hal_adc_ex.o
HAL_ADC_GetError                                  build/stm32f4xx_hal_adc.o
HAL_ADC_GetState                                  build/stm32f4xx_hal_adc.o
HAL_ADC_GetValue                                  build/stm32f4xx_hal_adc.o
HAL_ADC_IRQHandler                                build/stm32f4xx_hal_adc.o
HAL_ADC_Init                                      build/stm32f4xx_hal_adc.o
                                                  build/adc.o
HAL_ADC_LevelOutOfWindowCallback                  build/stm32f4xx_hal_adc.o
HAL_ADC_MspDeInit                                 build/adc.o
                                                  build/stm32f4xx_hal_adc.o
HAL_ADC_MspInit                                   build/adc.o
                                                  build/stm32f4xx_hal_adc.o
HAL_ADC_PollForConversion                         build/stm32f4xx_hal_adc.o
HAL_ADC_PollForEvent                              build/stm32f4xx_hal_adc.o
HAL_ADC_Start                                     build/stm32f4xx_hal_adc.o
HAL_ADC_Start_DMA                                 build/stm32f4xx_hal_adc.o
                                                  build/main.o
HAL_ADC_Start_IT                                  build/stm32f4xx_hal_adc.o
HAL_ADC_Stop                                      build/stm32f4xx_hal_adc.o
HAL_ADC_Stop_DMA                                  build/stm32f4xx_hal_adc.o
HAL_ADC_Stop_IT                                   build/stm32f4xx_hal_adc.o
HAL_CORTEX_ClearEvent                             build/stm32f4xx_hal_cortex.o
HAL_DBGMCU_DisableDBGSleepMode                    build/stm32f4xx_hal.o
HAL_DBGMCU_DisableDBGStandbyMode                  build/stm32f4xx_hal.o
HAL_DBGMCU_DisableDBGStopMode                     build/stm32f4xx_hal.o
HAL_DBGMCU_EnableDBGSleepMode                     build/stm32f4xx_hal.o
HAL_DBGMCU_EnableDBGStandbyMode                   build/stm32f4xx_hal.o
HAL_DBGMCU_EnableDBGStopMode                      build/stm32f4xx_hal.o
HAL_DMAEx_ChangeMemory                            build/stm32f4xx_hal_dma_ex.o
HAL_DMAEx_MultiBufferStart                        build/stm32f4xx_hal_dma_ex.o
HAL_DMAEx_MultiBufferStart_IT                     build/stm32f4xx_hal_dma_ex.o
HAL_DMA_Abort                                     build/stm32f4xx_hal_dma.o
                                                  build/stm32f4xx_hal_uart.o
                                                  build/stm32f4xx_hal_adc_ex.o
                                                  build/stm32f4xx_hal_adc.o
HAL_DMA_Abort_IT                                  build/stm32f4xx_hal_dma.o
                                                  build/stm32f4xx_hal_uart.o
                                                  build/stm32f4xx_hal_tim_ex.o
                                                  build/stm32f4xx_hal_tim.o
HAL_DMA_DeInit                                    build/stm32f4xx_hal_dma.o
                                                  build/adc.o
HAL_DMA_GetError                                  build/stm32f4xx_hal_dma.o
                                                  build/stm32f4xx_hal_uart.o
HAL_DMA_GetState                                  build/stm32f4xx_hal_dma.o
HAL_DMA_IRQHandler                                build/stm32f4xx_hal_dma.o
                                                  build/stm32f4xx_it.o
HAL_DMA_Init                                      build/stm32f4xx_hal_dma.o
                                                  build/adc.o
HAL_DMA_PollForTransfer                           build/stm32f4xx_hal_dma.o
HAL_DMA_RegisterCallback                          build/stm32f4xx_hal_dma.o
HAL_DMA_Start                                     build/stm32f4xx_hal_dma.o
HAL_DMA_Start_IT                                  build/stm32f4xx_hal_dma.o
                                                  build/stm32f4xx_hal_uart.o
                                                  build/stm32f4xx_hal_tim_ex.o
                                                  build/stm32f4xx_hal_tim.o
                                                  build/stm32f4xx_hal_adc_ex.o
                                                  build/stm32f4xx_hal_adc.o
HAL_DMA_UnRegisterCallback                        build/stm32f4xx_hal_dma.o
HAL_DeInit                                        build/stm32f4xx_hal.o
HAL_Delay                                         build/stm32f4xx_hal.o
                                                  build/main.o
HAL_DisableCompensationCell                       build/stm32f4xx_hal.o
HAL_EXTI_ClearConfigLine                          build/stm32f4xx_hal_exti.o
HAL_EXTI_ClearPending                             build/stm32f4xx_hal_exti.o
HAL_EXTI_GenerateSWI                              build/stm32f4xx_hal_exti.o
HAL_EXTI_GetConfigLine                            build/stm32f4xx_hal_exti.o
HAL_EXTI_GetHandle                                build/stm32f4xx_hal_exti.o
HAL_EXTI_GetPending                               build/stm32f4xx_hal_exti.o
HAL_EXTI_IRQHandler                               build/stm32f4xx_hal_exti.o
HAL_EXTI_RegisterCallback                         build/stm32f4xx_hal_exti.o
HAL_EXTI_SetConfigLine                            build/stm32f4xx_hal_exti.o
HAL_EnableCompensationCell                        build/stm32f4xx_hal.o
HAL_FLASHEx_Erase                                 build/stm32f4xx_hal_flash_ex.o
HAL_FLASHEx_Erase_IT                              build/stm32f4xx_hal_flash_ex.o
HAL_FLASHEx_OBGetConfig                           build/stm32f4xx_hal_flash_ex.o
HAL_FLASHEx_OBProgram                             build/stm32f4xx_hal_flash_ex.o
HAL_FLASH_EndOfOperationCallback                  build/stm32f4xx_hal_flash.o
HAL_FLASH_GetError                                build/stm32f4xx_hal_flash.o
HAL_FLASH_IRQHandler                              build/stm32f4xx_hal_flash.o
HAL_FLASH_Lock                                    build/stm32f4xx_hal_flash.o
HAL_FLASH_OB_Launch                               build/stm32f4xx_hal_flash.o
HAL_FLASH_OB_Lock                                 build/stm32f4xx_hal_flash.o
HAL_FLASH_OB_Unlock                               build/stm32f4xx_hal_flash.o
HAL_FLASH_OperationErrorCallback                  build/stm32f4xx_hal_flash.o
HAL_FLASH_Program                                 build/stm32f4xx_hal_flash.o
HAL_FLASH_Program_IT                              build/stm32f4xx_hal_flash.o
HAL_FLASH_Unlock                                  build/stm32f4xx_hal_flash.o
HAL_GPIO_DeInit                                   build/stm32f4xx_hal_gpio.o
                                                  build/usart.o
                                                  build/adc.o
HAL_GPIO_EXTI_Callback                            build/stm32f4xx_hal_gpio.o
HAL_GPIO_EXTI_IRQHandler                          build/stm32f4xx_hal_gpio.o
HAL_GPIO_Init                                     build/stm32f4xx_hal_gpio.o
                                                  build/usart.o
                                                  build/tim.o
                                                  build/adc.o
                                                  build/gpio.o
                                                  build/stm32f4xx_hal_rcc.o
HAL_GPIO_LockPin                                  build/stm32f4xx_hal_gpio.o
HAL_GPIO_ReadPin                                  build/stm32f4xx_hal_gpio.o
HAL_GPIO_TogglePin                                build/stm32f4xx_hal_gpio.o
                                                  build/main.o
HAL_GPIO_WritePin                                 build/stm32f4xx_hal_gpio.o
                                                  build/gpio.o
HAL_GetDEVID                                      build/stm32f4xx_hal.o
HAL_GetHalVersion                                 build/stm32f4xx_hal.o
HAL_GetREVID                                      build/stm32f4xx_hal.o
HAL_GetTick                                       build/stm32f4xx_hal.o
                                                  build/stm32f4xx_hal_uart.o
                                                  build/stm32f4xx_hal_pwr_ex.o
                                                  build/stm32f4xx_hal_dma.o
                                                  build/stm32f4xx_hal_flash.o
                                                  build/stm32f4xx_hal_rcc_ex.o
                                                  build/stm32f4xx_hal_rcc.o
                                                  build/stm32f4xx_hal_adc_ex.o
                                                  build/stm32f4xx_hal_adc.o
HAL_GetTickFreq                                   build/stm32f4xx_hal.o
HAL_GetTickPrio                                   build/stm32f4xx_hal.o
HAL_GetUIDw0                                      build/stm32f4xx_hal.o
HAL_GetUIDw1                                      build/stm32f4xx_hal.o
HAL_GetUIDw2                                      build/stm32f4xx_hal.o
HAL_HalfDuplex_EnableReceiver                     build/stm32f4xx_hal_uart.o
HAL_HalfDuplex_EnableTransmitter                  build/stm32f4xx_hal_uart.o
HAL_HalfDuplex_Init                               build/stm32f4xx_hal_uart.o
HAL_IncTick                                       build/stm32f4xx_hal.o
                                                  build/stm32f4xx_it.o
HAL_Init                                          build/stm32f4xx_hal.o
                                                  build/main.o
HAL_InitTick                                      build/stm32f4xx_hal.o
                                                  build/stm32f4xx_hal_rcc_ex.o
                                                  build/stm32f4xx_hal_rcc.o
HAL_LIN_Init                                      build/stm32f4xx_hal_uart.o
HAL_LIN_SendBreak                                 build/stm32f4xx_hal_uart.o
HAL_MPU_ConfigRegion                              build/stm32f4xx_hal_cortex.o
HAL_MPU_Disable                                   build/stm32f4xx_hal_cortex.o
HAL_MPU_DisableRegion                             build/stm32f4xx_hal_cortex.o
HAL_MPU_Enable                                    build/stm32f4xx_hal_cortex.o
HAL_MPU_EnableRegion                              build/stm32f4xx_hal_cortex.o
HAL_MspDeInit                                     build/stm32f4xx_hal.o
HAL_MspInit                                       build/stm32f4xx_hal_msp.o
HAL_MultiProcessor_EnterMuteMode                  build/stm32f4xx_hal_uart.o
HAL_MultiProcessor_ExitMuteMode                   build/stm32f4xx_hal_uart.o
HAL_MultiProcessor_Init                           build/stm32f4xx_hal_uart.o
HAL_NVIC_ClearPendingIRQ                          build/stm32f4xx_hal_cortex.o
HAL_NVIC_DisableIRQ                               build/stm32f4xx_hal_cortex.o
HAL_NVIC_EnableIRQ                                build/stm32f4xx_hal_cortex.o
                                                  build/dma.o
HAL_NVIC_GetActive                                build/stm32f4xx_hal_cortex.o
HAL_NVIC_GetPendingIRQ                            build/stm32f4xx_hal_cortex.o
HAL_NVIC_GetPriority                              build/stm32f4xx_hal_cortex.o
HAL_NVIC_GetPriorityGrouping                      build/stm32f4xx_hal_cortex.o
HAL_NVIC_SetPendingIRQ                            build/stm32f4xx_hal_cortex.o
HAL_NVIC_SetPriority                              build/stm32f4xx_hal_cortex.o
                                                  build/dma.o
                                                  build/stm32f4xx_hal.o
HAL_NVIC_SetPriorityGrouping                      build/stm32f4xx_hal_cortex.o
                                                  build/stm32f4xx_hal.o
HAL_NVIC_SystemReset                              build/stm32f4xx_hal_cortex.o
HAL_PWREx_ControlVoltageScaling                   build/stm32f4xx_hal_pwr_ex.o
HAL_PWREx_DisableBkUpReg                          build/stm32f4xx_hal_pwr_ex.o
HAL_PWREx_DisableFlashPowerDown                   build/stm32f4xx_hal_pwr_ex.o
HAL_PWREx_EnableBkUpReg                           build/stm32f4xx_hal_pwr_ex.o
HAL_PWREx_EnableFlashPowerDown                    build/stm32f4xx_hal_pwr_ex.o
HAL_PWREx_GetVoltageRange                         build/stm32f4xx_hal_pwr_ex.o
HAL_PWR_ConfigPVD                                 build/stm32f4xx_hal_pwr.o
HAL_PWR_DeInit                                    build/stm32f4xx_hal_pwr.o
HAL_PWR_DisableBkUpAccess                         build/stm32f4xx_hal_pwr.o
HAL_PWR_DisablePVD                                build/stm32f4xx_hal_pwr.o
HAL_PWR_DisableSEVOnPend                          build/stm32f4xx_hal_pwr.o
HAL_PWR_DisableSleepOnExit                        build/stm32f4xx_hal_pwr.o
HAL_PWR_DisableWakeUpPin                          build/stm32f4xx_hal_pwr.o
HAL_PWR_EnableBkUpAccess                          build/stm32f4xx_hal_pwr.o
HAL_PWR_EnablePVD                                 build/stm32f4xx_hal_pwr.o
HAL_PWR_EnableSEVOnPend                           build/stm32f4xx_hal_pwr.o
HAL_PWR_EnableSleepOnExit                         build/stm32f4xx_hal_pwr.o
HAL_PWR_EnableWakeUpPin                           build/stm32f4xx_hal_pwr.o
HAL_PWR_EnterSLEEPMode                            build/stm32f4xx_hal_pwr.o
HAL_PWR_EnterSTANDBYMode                          build/stm32f4xx_hal_pwr.o
HAL_PWR_EnterSTOPMode                             build/stm32f4xx_hal_pwr.o
HAL_PWR_PVDCallback                               build/stm32f4xx_hal_pwr.o
HAL_PWR_PVD_IRQHandler                            build/stm32f4xx_hal_pwr.o
HAL_RCCEx_DisablePLLI2S                           build/stm32f4xx_hal_rcc_ex.o
HAL_RCCEx_EnablePLLI2S                            build/stm32f4xx_hal_rcc_ex.o
HAL_RCCEx_GetPeriphCLKConfig                      build/stm32f4xx_hal_rcc_ex.o
HAL_RCCEx_GetPeriphCLKFreq                        build/stm32f4xx_hal_rcc_ex.o
HAL_RCCEx_PeriphCLKConfig                         build/stm32f4xx_hal_rcc_ex.o
HAL_RCC_CSSCallback                               build/stm32f4xx_hal_rcc.o
HAL_RCC_ClockConfig                               build/stm32f4xx_hal_rcc.o
                                                  build/main.o
HAL_RCC_DeInit                                    build/stm32f4xx_hal_rcc_ex.o
                                                  build/stm32f4xx_hal_rcc.o
HAL_RCC_DisableCSS                                build/stm32f4xx_hal_rcc.o
HAL_RCC_EnableCSS                                 build/stm32f4xx_hal_rcc.o
HAL_RCC_GetClockConfig                            build/stm32f4xx_hal_rcc.o
HAL_RCC_GetHCLKFreq                               build/stm32f4xx_hal_rcc.o
HAL_RCC_GetOscConfig                              build/stm32f4xx_hal_rcc.o
HAL_RCC_GetPCLK1Freq                              build/stm32f4xx_hal_rcc.o
                                                  build/stm32f4xx_hal_uart.o
HAL_RCC_GetPCLK2Freq                              build/stm32f4xx_hal_rcc.o
                                                  build/stm32f4xx_hal_uart.o
HAL_RCC_GetSysClockFreq                           build/stm32f4xx_hal_rcc.o
HAL_RCC_MCOConfig                                 build/stm32f4xx_hal_rcc.o
HAL_RCC_NMI_IRQHandler                            build/stm32f4xx_hal_rcc.o
HAL_RCC_OscConfig                                 build/stm32f4xx_hal_rcc.o
                                                  build/main.o
HAL_ResumeTick                                    build/stm32f4xx_hal.o
HAL_SYSTICK_CLKSourceConfig                       build/stm32f4xx_hal_cortex.o
HAL_SYSTICK_Callback                              build/stm32f4xx_hal_cortex.o
HAL_SYSTICK_Config                                build/stm32f4xx_hal_cortex.o
                                                  build/stm32f4xx_hal.o
HAL_SYSTICK_IRQHandler                            build/stm32f4xx_hal_cortex.o
HAL_SetTickFreq                                   build/stm32f4xx_hal.o
HAL_SuspendTick                                   build/stm32f4xx_hal.o
HAL_TIMEx_BreakCallback                           build/stm32f4xx_hal_tim_ex.o
                                                  build/stm32f4xx_hal_tim.o
HAL_TIMEx_CommutCallback                          build/stm32f4xx_hal_tim_ex.o
                                                  build/stm32f4xx_hal_tim.o
HAL_TIMEx_CommutHalfCpltCallback                  build/stm32f4xx_hal_tim_ex.o
HAL_TIMEx_ConfigBreakDeadTime                     build/stm32f4xx_hal_tim_ex.o
HAL_TIMEx_ConfigCommutEvent                       build/stm32f4xx_hal_tim_ex.o
HAL_TIMEx_ConfigCommutEvent_DMA                   build/stm32f4xx_hal_tim_ex.o
HAL_TIMEx_ConfigCommutEvent_IT                    build/stm32f4xx_hal_tim_ex.o
HAL_TIMEx_GetChannelNState                        build/stm32f4xx_hal_tim_ex.o
HAL_TIMEx_HallSensor_DeInit                       build/stm32f4xx_hal_tim_ex.o
HAL_TIMEx_HallSensor_GetState                     build/stm32f4xx_hal_tim_ex.o
HAL_TIMEx_HallSensor_Init                         build/stm32f4xx_hal_tim_ex.o
HAL_TIMEx_HallSensor_MspDeInit                    build/stm32f4xx_hal_tim_ex.o
HAL_TIMEx_HallSensor_MspInit                      build/stm32f4xx_hal_tim_ex.o
HAL_TIMEx_HallSensor_Start                        build/stm32f4xx_hal_tim_ex.o
HAL_TIMEx_HallSensor_Start_DMA                    build/stm32f4xx_hal_tim_ex.o
HAL_TIMEx_HallSensor_Start_IT                     build/stm32f4xx_hal_tim_ex.o
HAL_TIMEx_HallSensor_Stop                         build/stm32f4xx_hal_tim_ex.o
HAL_TIMEx_HallSensor_Stop_DMA                     build/stm32f4xx_hal_tim_ex.o
HAL_TIMEx_HallSensor_Stop_IT                      build/stm32f4xx_hal_tim_ex.o
HAL_TIMEx_MasterConfigSynchronization             build/stm32f4xx_hal_tim_ex.o
                                                  build/tim.o
HAL_TIMEx_OCN_Start                               build/stm32f4xx_hal_tim_ex.o
HAL_TIMEx_OCN_Start_DMA                           build/stm32f4xx_hal_tim_ex.o
HAL_TIMEx_OCN_Start_IT                            build/stm32f4xx_hal_tim_ex.o
HAL_TIMEx_OCN_Stop                                build/stm32f4xx_hal_tim_ex.o
HAL_TIMEx_OCN_Stop_DMA                            build/stm32f4xx_hal_tim_ex.o
HAL_TIMEx_OCN_Stop_IT                             build/stm32f4xx_hal_tim_ex.o
HAL_TIMEx_OnePulseN_Start                         build/stm32f4xx_hal_tim_ex.o
HAL_TIMEx_OnePulseN_Start_IT                      build/stm32f4xx_hal_tim_ex.o
HAL_TIMEx_OnePulseN_Stop                          build/stm32f4xx_hal_tim_ex.o
HAL_TIMEx_OnePulseN_Stop_IT                       build/stm32f4xx_hal_tim_ex.o
HAL_TIMEx_PWMN_Start                              build/stm32f4xx_hal_tim_ex.o
HAL_TIMEx_PWMN_Start_DMA                          build/stm32f4xx_hal_tim_ex.o
HAL_TIMEx_PWMN_Start_IT                           build/stm32f4xx_hal_tim_ex.o
HAL_TIMEx_PWMN_Stop                               build/stm32f4xx_hal_tim_ex.o
HAL_TIMEx_PWMN_Stop_DMA                           build/stm32f4xx_hal_tim_ex.o
HAL_TIMEx_PWMN_Stop_IT                            build/stm32f4xx_hal_tim_ex.o
HAL_TIMEx_RemapConfig                             build/stm32f4xx_hal_tim_ex.o
HAL_TIM_Base_DeInit                               build/stm32f4xx_hal_tim.o
HAL_TIM_Base_GetState                             build/stm32f4xx_hal_tim.o
HAL_TIM_Base_Init                                 build/stm32f4xx_hal_tim.o
HAL_TIM_Base_MspDeInit                            build/stm32f4xx_hal_tim.o
HAL_TIM_Base_MspInit                              build/stm32f4xx_hal_tim.o
HAL_TIM_Base_Start                                build/stm32f4xx_hal_tim.o
HAL_TIM_Base_Start_DMA                            build/stm32f4xx_hal_tim.o
HAL_TIM_Base_Start_IT                             build/stm32f4xx_hal_tim.o
HAL_TIM_Base_Stop                                 build/stm32f4xx_hal_tim.o
HAL_TIM_Base_Stop_DMA                             build/stm32f4xx_hal_tim.o
HAL_TIM_Base_Stop_IT                              build/stm32f4xx_hal_tim.o
HAL_TIM_ConfigClockSource                         build/stm32f4xx_hal_tim.o
HAL_TIM_ConfigOCrefClear                          build/stm32f4xx_hal_tim.o
HAL_TIM_ConfigTI1Input                            build/stm32f4xx_hal_tim.o
HAL_TIM_DMABurstState                             build/stm32f4xx_hal_tim.o
HAL_TIM_DMABurst_MultiReadStart                   build/stm32f4xx_hal_tim.o
HAL_TIM_DMABurst_MultiWriteStart                  build/stm32f4xx_hal_tim.o
HAL_TIM_DMABurst_ReadStart                        build/stm32f4xx_hal_tim.o
HAL_TIM_DMABurst_ReadStop                         build/stm32f4xx_hal_tim.o
HAL_TIM_DMABurst_WriteStart                       build/stm32f4xx_hal_tim.o
HAL_TIM_DMABurst_WriteStop                        build/stm32f4xx_hal_tim.o
HAL_TIM_Encoder_DeInit                            build/stm32f4xx_hal_tim.o
HAL_TIM_Encoder_GetState                          build/stm32f4xx_hal_tim.o
HAL_TIM_Encoder_Init                              build/stm32f4xx_hal_tim.o
HAL_TIM_Encoder_MspDeInit                         build/stm32f4xx_hal_tim.o
HAL_TIM_Encoder_MspInit                           build/stm32f4xx_hal_tim.o
HAL_TIM_Encoder_Start                             build/stm32f4xx_hal_tim.o
HAL_TIM_Encoder_Start_DMA                         build/stm32f4xx_hal_tim.o
HAL_TIM_Encoder_Start_IT                          build/stm32f4xx_hal_tim.o
HAL_TIM_Encoder_Stop                              build/stm32f4xx_hal_tim.o
HAL_TIM_Encoder_Stop_DMA                          build/stm32f4xx_hal_tim.o
HAL_TIM_Encoder_Stop_IT                           build/stm32f4xx_hal_tim.o
HAL_TIM_ErrorCallback                             build/stm32f4xx_hal_tim.o
                                                  build/stm32f4xx_hal_tim_ex.o
HAL_TIM_GenerateEvent                             build/stm32f4xx_hal_tim.o
HAL_TIM_GetActiveChannel                          build/stm32f4xx_hal_tim.o
HAL_TIM_GetChannelState                           build/stm32f4xx_hal_tim.o
HAL_TIM_IC_CaptureCallback                        build/stm32f4xx_hal_tim.o
HAL_TIM_IC_CaptureHalfCpltCallback                build/stm32f4xx_hal_tim.o
HAL_TIM_IC_ConfigChannel                          build/stm32f4xx_hal_tim.o
HAL_TIM_IC_DeInit                                 build/stm32f4xx_hal_tim.o
HAL_TIM_IC_GetState                               build/stm32f4xx_hal_tim.o
HAL_TIM_IC_Init                                   build/stm32f4xx_hal_tim.o
HAL_TIM_IC_MspDeInit                              build/stm32f4xx_hal_tim.o
HAL_TIM_IC_MspInit                                build/stm32f4xx_hal_tim.o
HAL_TIM_IC_Start                                  build/stm32f4xx_hal_tim.o
HAL_TIM_IC_Start_DMA                              build/stm32f4xx_hal_tim.o
HAL_TIM_IC_Start_IT                               build/stm32f4xx_hal_tim.o
HAL_TIM_IC_Stop                                   build/stm32f4xx_hal_tim.o
HAL_TIM_IC_Stop_DMA                               build/stm32f4xx_hal_tim.o
HAL_TIM_IC_Stop_IT                                build/stm32f4xx_hal_tim.o
HAL_TIM_IRQHandler                                build/stm32f4xx_hal_tim.o
HAL_TIM_MspPostInit                               build/tim.o
HAL_TIM_OC_ConfigChannel                          build/stm32f4xx_hal_tim.o
HAL_TIM_OC_DeInit                                 build/stm32f4xx_hal_tim.o
HAL_TIM_OC_DelayElapsedCallback                   build/stm32f4xx_hal_tim.o
HAL_TIM_OC_GetState                               build/stm32f4xx_hal_tim.o
HAL_TIM_OC_Init                                   build/stm32f4xx_hal_tim.o
HAL_TIM_OC_MspDeInit                              build/stm32f4xx_hal_tim.o
HAL_TIM_OC_MspInit                                build/stm32f4xx_hal_tim.o
HAL_TIM_OC_Start                                  build/stm32f4xx_hal_tim.o
HAL_TIM_OC_Start_DMA                              build/stm32f4xx_hal_tim.o
HAL_TIM_OC_Start_IT                               build/stm32f4xx_hal_tim.o
HAL_TIM_OC_Stop                                   build/stm32f4xx_hal_tim.o
HAL_TIM_OC_Stop_DMA                               build/stm32f4xx_hal_tim.o
HAL_TIM_OC_Stop_IT                                build/stm32f4xx_hal_tim.o
HAL_TIM_OnePulse_ConfigChannel                    build/stm32f4xx_hal_tim.o
HAL_TIM_OnePulse_DeInit                           build/stm32f4xx_hal_tim.o
HAL_TIM_OnePulse_GetState                         build/stm32f4xx_hal_tim.o
HAL_TIM_OnePulse_Init                             build/stm32f4xx_hal_tim.o
HAL_TIM_OnePulse_MspDeInit                        build/stm32f4xx_hal_tim.o
HAL_TIM_OnePulse_MspInit                          build/stm32f4xx_hal_tim.o
HAL_TIM_OnePulse_Start                            build/stm32f4xx_hal_tim.o